\BOOKMARK [0][-]{chapter*.2}{\376\377\000D\000a\000t\000a\000s\000e\000t\000\040\000l\000a\000y\000o\000u\000t}{}% 1
\BOOKMARK [0][-]{chapter.1}{\376\377\000A\000n\000a\000l\000y\000s\000i\000s\000\040\000p\000i\000p\000e\000l\000i\000n\000e}{}% 2
\BOOKMARK [1][-]{section.1.1}{\376\377\000S\000h\000a\000r\000e\000d\000\040\000p\000r\000e\000p\000r\000o\000c\000e\000s\000s\000i\000n\000g}{chapter.1}% 3
\BOOKMARK [1][-]{section.1.2}{\376\377\000M\000o\000d\000a\000l\000i\000t\000y\000\040\000a\000l\000i\000g\000n\000m\000e\000n\000t}{chapter.1}% 4
\BOOKMARK [1][-]{section.1.3}{\376\377\000E\000E\000G\000\040\000l\000i\000n\000e\000a\000r\000-\000d\000e\000c\000o\000d\000e\000r\000\040\000b\000a\000c\000k\000b\000o\000n\000e\000s\000\040\000\050\000i\000t\000e\000r\000-\0003\000\040\000o\000n\000\040\000a\000l\000l\000\040\0001\0006\000\040\000s\000u\000b\000j\000e\000c\000t\000s\000\051}{chapter.1}% 5
\BOOKMARK [1][-]{section.1.4}{\376\377\000M\000u\000l\000t\000i\000m\000o\000d\000a\000l\000\040\000f\000u\000s\000i\000o\000n}{chapter.1}% 6
\BOOKMARK [1][-]{section.1.5}{\376\377\000S\000L\000U\000R\000M\000\040\000d\000e\000s\000i\000g\000n}{chapter.1}% 7
\BOOKMARK [0][-]{chapter.2}{\376\377\000C\000u\000r\000r\000e\000n\000t\000\040\000r\000e\000s\000u\000l\000t\000s}{}% 8
\BOOKMARK [1][-]{section.2.1}{\376\377\000L\000i\000n\000e\000a\000r\000\040\000E\000E\000G\000\040\000d\000e\000c\000o\000d\000e\000r\000\040\000\050\000b\000a\000c\000k\000w\000a\000r\000d\000\040\000T\000R\000F\000\040\000/\000\040\000C\000C\000A\000\051}{chapter.2}% 9
\BOOKMARK [2][-]{subsection.2.1.1}{\376\377\000P\000o\000o\000l\000e\000d\000\040\000f\000u\000l\000l\000-\000t\000r\000i\000a\000l\000\040\000a\000c\000c\000u\000r\000a\000c\000y\000\040\000\050\000c\000h\000a\000n\000c\000e\000\040\000=\000\040\0000\000.\0005\000\051}{section.2.1}% 10
\BOOKMARK [2][-]{subsection.2.1.2}{\376\377\000P\000e\000r\000-\000s\000u\000b\000j\000e\000c\000t\000\040\000w\000i\000n\000n\000i\000n\000g\000\040\000b\000a\000c\000k\000b\000o\000n\000e}{section.2.1}% 11
\BOOKMARK [2][-]{subsection.2.1.3}{\376\377\000W\000i\000n\000d\000o\000w\000-\000l\000e\000n\000g\000t\000h\000\040\000s\000w\000e\000e\000p\000\040\000\050\000m\000e\000a\000n\000\040\000a\000c\000r\000o\000s\000s\000\040\0001\0006\000\040\000s\000u\000b\000j\000e\000c\000t\000s\000\051}{section.2.1}% 12
\BOOKMARK [1][-]{section.2.2}{\376\377\000M\000u\000l\000t\000i\000m\000o\000d\000a\000l\000\040\000f\000u\000s\000i\000o\000n}{chapter.2}% 13
\BOOKMARK [2][-]{subsection.2.2.1}{\376\377\000T\000a\000s\000k\000\040\000A\000\040\040\024\000\040\000A\000t\000t\000e\000n\000d\000e\000d\000\040\000h\000e\000m\000i\000s\000p\000h\000e\000r\000e\000\040\000\050\000l\000e\000f\000t\000\040\000v\000s\000\040\000r\000i\000g\000h\000t\000\051}{section.2.2}% 14
\BOOKMARK [2][-]{subsection.2.2.2}{\376\377\000P\000o\000o\000l\000e\000d\000\040\000a\000c\000c\000u\000r\000a\000c\000y\000\040\000\050\000b\000o\000o\000t\000s\000t\000r\000a\000p\000\040\0009\0005\000\045\000\040\000C\000I\000,\000\040\000n\000\040\000=\000\040\0001\0006\000\051}{section.2.2}% 15
\BOOKMARK [2][-]{subsection.2.2.3}{\376\377\000P\000e\000r\000-\000s\000u\000b\000j\000e\000c\000t\000\040\000a\000t\000t\000e\000n\000d\000e\000d\000-\000h\000e\000m\000i\000s\000p\000h\000e\000r\000e\000\040\000A\000A\000D\000\040\000\050\000C\000C\000A\000\040\000m\000e\000l\000-\0002\0008\000\040\000b\000a\000c\000k\000b\000o\000n\000e\000\051}{section.2.2}% 16
\BOOKMARK [2][-]{subsection.2.2.4}{\376\377\000T\000a\000s\000k\000\040\000B\000\040\040\024\000\040\000I\000n\000n\000e\000r\000\040\000v\000s\000\040\000O\000u\000t\000e\000r\000\040\000\050\000g\000a\000z\000e\000-\000l\000a\000t\000e\000r\000a\000l\000i\000s\000a\000t\000i\000o\000n\000\040\000c\000o\000n\000t\000r\000o\000l\000\051}{section.2.2}% 17
\BOOKMARK [2][-]{subsection.2.2.5}{\376\377\000T\000a\000s\000k\000\040\000C\000\040\040\024\000\040\0004\000-\000c\000l\000a\000s\000s\000\040\000s\000p\000e\000a\000k\000e\000r\000\040\000i\000d\000e\000n\000t\000i\000t\000y}{section.2.2}% 18
\BOOKMARK [1][-]{section.2.3}{\376\377\000O\000b\000s\000e\000r\000v\000a\000t\000i\000o\000n\000s}{chapter.2}% 19
\BOOKMARK [0][-]{chapter.3}{\376\377\000I\000t\000e\000r\000a\000t\000i\000o\000n\000\040\0004\000\040\040\024\000\040\000r\000e\000s\000u\000l\000t\000s}{}% 20
\BOOKMARK [1][-]{section.3.1}{\376\377\0004\000-\000c\000l\000a\000s\000s\000\040\000E\000E\000G\000\040\000s\000p\000e\000a\000k\000e\000r\000-\000i\000d\000e\000n\000t\000i\000t\000y\000\040\000d\000e\000c\000o\000d\000e\000r}{chapter.3}% 21
\BOOKMARK [2][-]{subsection.3.1.1}{\376\377\000P\000e\000r\000-\000s\000u\000b\000j\000e\000c\000t\000\040\000a\000c\000c\000u\000r\000a\000c\000y}{section.3.1}% 22
\BOOKMARK [1][-]{section.3.2}{\376\377\000C\000r\000o\000s\000s\000-\000m\000o\000d\000a\000l\000\040\000p\000r\000e\000d\000i\000c\000t\000a\000b\000i\000l\000i\000t\000y\000\040\000\050\000E\000E\000G\000\040\000\040\000g\000a\000z\000e\000\051}{chapter.3}% 23
\BOOKMARK [2][-]{subsection.3.2.1}{\376\377\000E\000E\000G\000\040\000\040\000g\000a\000z\000e\000\040\000\050\000r\000i\000d\000g\000e\000\040\000r\000e\000g\000r\000e\000s\000s\000i\000o\000n\000,\000\040\000h\000e\000l\000d\000-\000o\000u\000t\000\040\000P\000e\000a\000r\000s\000o\000n\000\040\000r\000\051}{section.3.2}% 24
\BOOKMARK [2][-]{subsection.3.2.2}{\376\377\000C\000C\000A\000\040\000E\000E\000G\000\040\000\040\000g\000a\000z\000e\000\040\000\050\000f\000i\000r\000s\000t\000-\000c\000o\000m\000p\000o\000n\000e\000n\000t\000\040\000c\000o\000r\000r\000e\000l\000a\000t\000i\000o\000n\000\051}{section.3.2}% 25
\BOOKMARK [2][-]{subsection.3.2.3}{\376\377\000G\000a\000z\000e\000\040\000\040\000a\000t\000t\000e\000n\000d\000e\000d\000\040\000\050\000l\000o\000g\000i\000s\000t\000i\000c\000\040\000c\000l\000a\000s\000s\000i\000f\000i\000e\000r\000\051}{section.3.2}% 26
\BOOKMARK [1][-]{section.3.3}{\376\377\000G\000a\000z\000e\000-\000r\000e\000s\000i\000d\000u\000a\000l\000i\000s\000e\000d\000\040\000E\000E\000G\000\040\000A\000A\000D\000\040\040\024\000\040\000t\000h\000e\000\040\000h\000e\000a\000d\000l\000i\000n\000e\000\040\000c\000o\000n\000t\000r\000o\000l}{chapter.3}% 27
\BOOKMARK [1][-]{section.3.4}{\376\377\000E\000x\000t\000e\000n\000d\000e\000d\000\040\000f\000u\000s\000i\000o\000n\000\040\000\050\000g\000a\000z\000e\000\040\000+\000\040\0004\000-\000c\000l\000a\000s\000s\000-\000E\000E\000G\000-\000p\000r\000o\000b\000a\000b\000i\000l\000i\000t\000i\000e\000s\000\051}{chapter.3}% 28
\BOOKMARK [1][-]{section.3.5}{\376\377\000W\000h\000a\000t\000\040\000i\000t\000e\000r\000-\0004\000\040\000s\000e\000t\000t\000l\000e\000s}{chapter.3}% 29
\BOOKMARK [0][-]{chapter.4}{\376\377\000I\000t\000e\000r\000a\000t\000i\000o\000n\000\040\0005\000\040\040\024\000\040\000c\000l\000a\000s\000s\000i\000c\000a\000l\000\040\000s\000p\000e\000c\000t\000r\000a\000l\000\040\000E\000E\000G\000\040\000f\000e\000a\000t\000u\000r\000e\000s}{}% 30
\BOOKMARK [1][-]{section.4.1}{\376\377\000T\000a\000s\000k\000\040\000d\000e\000f\000i\000n\000i\000t\000i\000o\000n\000\040\000a\000n\000d\000\040\000i\000n\000p\000u\000t\000s}{chapter.4}% 31
\BOOKMARK [1][-]{section.4.2}{\376\377\000F\000e\000a\000t\000u\000r\000e\000\040\000s\000e\000t}{chapter.4}% 32
\BOOKMARK [1][-]{section.4.3}{\376\377\000C\000l\000a\000s\000s\000i\000f\000i\000e\000r\000\040\000s\000w\000e\000e\000p\000\040\000\050\000a\000l\000l\000\040\0001\0006\000\040\000s\000u\000b\000j\000e\000c\000t\000s\000,\000\040\000p\000e\000r\000-\000s\000u\000b\000j\000e\000c\000t\000\040\0005\000-\000f\000o\000l\000d\000\040\000C\000V\000\051}{chapter.4}% 33
\BOOKMARK [1][-]{section.4.4}{\376\377\000P\000e\000r\000-\000s\000u\000b\000j\000e\000c\000t\000\040\000L\000o\000g\000R\000e\000g\000\040\000a\000c\000c\000u\000r\000a\000c\000y}{chapter.4}% 34
\BOOKMARK [1][-]{section.4.5}{\376\377\000F\000u\000s\000i\000o\000n\000\040\000w\000i\000t\000h\000\040\000g\000a\000z\000e\000\040\000f\000e\000a\000t\000u\000r\000e\000s}{chapter.4}% 35
\BOOKMARK [1][-]{section.4.6}{\376\377\000W\000h\000a\000t\000\040\000i\000t\000e\000r\000-\0005\000\040\000s\000e\000t\000t\000l\000e\000s}{chapter.4}% 36
\BOOKMARK [1][-]{section.4.7}{\376\377\000I\000t\000e\000r\000-\0006\000\040\000f\000o\000l\000l\000o\000w\000-\000u\000p\000s}{chapter.4}% 37
\BOOKMARK [0][-]{chapter.5}{\376\377\000I\000t\000e\000r\000a\000t\000i\000o\000n\000\040\0006\000\040\040\024\000\040\000a\000r\000t\000e\000f\000a\000c\000t\000\040\000c\000o\000n\000t\000r\000o\000l\000s\000\040\000\050\000I\000M\000U\000,\000\040\000v\000i\000d\000e\000o\000,\000\040\000c\000h\000a\000n\000n\000e\000l\000\040\000a\000b\000l\000a\000t\000i\000o\000n\000\051}{}% 38
\BOOKMARK [1][-]{section.5.1}{\376\377\000T\000a\000s\000k\000\040\000a\000n\000d\000\040\000i\000n\000p\000u\000t\000s}{chapter.5}% 39
\BOOKMARK [1][-]{section.5.2}{\376\377\000I\000M\000U\000-\000o\000n\000l\000y\000\040\000A\000A\000D}{chapter.5}% 40
\BOOKMARK [1][-]{section.5.3}{\376\377\000V\000i\000d\000e\000o\000-\000o\000n\000l\000y\000\040\000A\000A\000D}{chapter.5}% 41
\BOOKMARK [1][-]{section.5.4}{\376\377\000E\000E\000G\000\040\000s\000p\000e\000c\000t\000r\000a\000l\000\040\000A\000A\000D\000\040\000u\000n\000d\000e\000r\000\040\000f\000i\000v\000e\000\040\000c\000l\000e\000a\000n\000i\000n\000g\000\040\000c\000o\000n\000d\000i\000t\000i\000o\000n\000s}{chapter.5}% 42
\BOOKMARK [1][-]{section.5.5}{\376\377\000J\000o\000i\000n\000t\000\040\000c\000o\000n\000c\000l\000u\000s\000i\000o\000n}{chapter.5}% 43
\BOOKMARK [0][-]{chapter.6}{\376\377\000I\000t\000e\000r\000a\000t\000i\000o\000n\000\040\0007\000\040\040\024\000\040\000w\000h\000a\000t\000\040\000c\000a\000n\000\040\000E\000E\000G\000\040\000f\000e\000a\000t\000u\000r\000e\000s\000\040\000d\000e\000c\000o\000d\000e\000\040\000a\000b\000o\000u\000t\000\040\000t\000h\000e\000\040\000o\000t\000h\000e\000r\000\040\000m\000o\000d\000a\000l\000i\000t\000i\000e\000s\000?}{}% 44
\BOOKMARK [1][-]{section.6.1}{\376\377\000T\000a\000s\000k\000\040\000a\000n\000d\000\040\000i\000n\000p\000u\000t\000s}{chapter.6}% 45
\BOOKMARK [1][-]{section.6.2}{\376\377\000T\000o\000p\000\040\000E\000E\000G\000-\000d\000e\000c\000o\000d\000a\000b\000l\000e\000\040\000f\000e\000a\000t\000u\000r\000e\000s\000\040\000p\000e\000r\000\040\000m\000o\000d\000a\000l\000i\000t\000y}{chapter.6}% 46
\BOOKMARK [2][-]{subsection.6.2.1}{\376\377\000G\000a\000z\000e\000\040\000\050\0002\0003\000\040\000f\000e\000a\000t\000u\000r\000e\000s\000\040\000a\000v\000a\000i\000l\000a\000b\000l\000e\000\051}{section.6.2}% 47
\BOOKMARK [2][-]{subsection.6.2.2}{\376\377\000I\000M\000U\000\040\000\050\0003\0005\000\040\000f\000e\000a\000t\000u\000r\000e\000s\000\040\000a\000v\000a\000i\000l\000a\000b\000l\000e\000\051}{section.6.2}% 48
\BOOKMARK [2][-]{subsection.6.2.3}{\376\377\000V\000i\000d\000e\000o\000\040\000\050\0001\0005\000\040\000f\000e\000a\000t\000u\000r\000e\000s\000\040\000a\000v\000a\000i\000l\000a\000b\000l\000e\000\051}{section.6.2}% 49
\BOOKMARK [2][-]{subsection.6.2.4}{\376\377\000A\000u\000d\000i\000o\000\040\000\050\0002\0000\000\040\000f\000e\000a\000t\000u\000r\000e\000s\000\040\000a\000v\000a\000i\000l\000a\000b\000l\000e\000\051}{section.6.2}% 50
\BOOKMARK [1][-]{section.6.3}{\376\377\000J\000o\000i\000n\000t\000\040\000p\000i\000c\000t\000u\000r\000e}{chapter.6}% 51
\BOOKMARK [0][-]{chapter.7}{\376\377\000I\000t\000e\000r\000a\000t\000i\000o\000n\000\040\0008\000\040\040\024\000\040\000a\000r\000t\000e\000f\000a\000c\000t\000-\000s\000u\000b\000t\000r\000a\000c\000t\000i\000o\000n\000\040\000d\000e\000c\000o\000d\000e\000r}{}% 52
\BOOKMARK [1][-]{section.7.1}{\376\377\000M\000o\000t\000i\000v\000a\000t\000i\000o\000n\000\040\000a\000n\000d\000\040\000m\000e\000t\000h\000o\000d}{chapter.7}% 53
\BOOKMARK [1][-]{section.7.2}{\376\377\000P\000o\000o\000l\000e\000d\000\040\000r\000e\000s\000u\000l\000t\000s\000\040\000\050\0001\0006\000\040\000s\000u\000b\000j\000e\000c\000t\000s\000,\000\040\000b\000o\000o\000t\000s\000t\000r\000a\000p\000\040\0009\0005\000\045\000\040\000C\000I\000\051}{chapter.7}% 54
\BOOKMARK [1][-]{section.7.3}{\376\377\000H\000o\000w\000\040\000t\000o\000\040\000r\000e\000a\000d\000\040\000t\000h\000i\000s\000\040\000\050\000t\000h\000e\000\040\000n\000u\000a\000n\000c\000e\000d\000\040\000p\000a\000r\000t\000\051}{chapter.7}% 55
\BOOKMARK [1][-]{section.7.4}{\376\377\000R\000e\000c\000o\000n\000c\000i\000l\000i\000n\000g\000\040\000i\000t\000e\000r\000-\0006\000\040\000a\000n\000d\000\040\000i\000t\000e\000r\000-\0008}{chapter.7}% 56
\BOOKMARK [1][-]{section.7.5}{\376\377\000W\000h\000a\000t\000\040\000t\000h\000i\000s\000\040\000i\000m\000p\000l\000i\000e\000s\000\040\000f\000o\000r\000\040\000t\000h\000e\000\040\000p\000a\000p\000e\000r}{chapter.7}% 57
\BOOKMARK [1][-]{section.7.6}{\376\377\000P\000e\000r\000-\000s\000u\000b\000j\000e\000c\000t\000\040\000\040\000\050\000m\000o\000t\000i\000o\000n\000-\000r\000e\000s\000i\000d\000u\000a\000l\000i\000s\000e\000d\000\040\000-\000\040\000r\000a\000w\000,\000\040\000h\000e\000m\000i\000s\000p\000h\000e\000r\000e\000\051}{chapter.7}% 58
\BOOKMARK [1][-]{section.7.7}{\376\377\000W\000h\000a\000t\000\040\000t\000o\000\040\000r\000u\000n\000\040\000n\000e\000x\000t}{chapter.7}% 59
\BOOKMARK [0][-]{chapter.8}{\376\377\000C\000r\000o\000s\000s\000-\000m\000o\000d\000a\000l\000\040\000p\000r\000e\000d\000i\000c\000t\000a\000b\000i\000l\000i\000t\000y\000\040\040\024\000\040\000p\000a\000i\000r\000w\000i\000s\000e\000\040\000C\000C\000A\000\040\000a\000c\000r\000o\000s\000s\000\040\0006\000\040\000s\000t\000r\000e\000a\000m\000s}{}% 60
\BOOKMARK [1][-]{section.8.1}{\376\377\000M\000o\000t\000i\000v\000a\000t\000i\000o\000n}{chapter.8}% 61
\BOOKMARK [1][-]{section.8.2}{\376\377\000P\000a\000i\000r\000w\000i\000s\000e\000\040\000f\000i\000r\000s\000t\000-\000c\000o\000m\000p\000o\000n\000e\000n\000t\000\040\000C\000C\000A}{chapter.8}% 62
\BOOKMARK [1][-]{section.8.3}{\376\377\000I\000n\000f\000o\000r\000m\000a\000t\000i\000o\000n\000-\000t\000h\000e\000o\000r\000e\000t\000i\000c\000\040\000v\000i\000e\000w\000\040\000\050\000M\000I\000,\000\040\000C\000K\000A\000\051}{chapter.8}% 63
\BOOKMARK [1][-]{section.8.4}{\376\377\000I\000m\000p\000l\000i\000c\000a\000t\000i\000o\000n\000\040\000f\000o\000r\000\040\000t\000h\000e\000\040\000f\000u\000s\000i\000o\000n\000\040\000m\000o\000d\000e\000l}{chapter.8}% 64
\BOOKMARK [0][-]{chapter.9}{\376\377\000A\000d\000v\000a\000n\000c\000e\000d\000\040\000E\000E\000G\000\040\000n\000e\000u\000r\000o\000s\000c\000i\000e\000n\000c\000e\000\040\000\050\000n\000b\0001\0002\000\051}{}% 65
\BOOKMARK [1][-]{section.9.1}{\376\377\000M\000o\000t\000i\000v\000a\000t\000i\000o\000n}{chapter.9}% 66
\BOOKMARK [1][-]{section.9.2}{\376\377\000A\000p\000e\000r\000i\000o\000d\000i\000c\000\040\0001\000/\000f\000\040\000s\000p\000e\000c\000t\000r\000u\000m\000\040\000\050\000F\000O\000O\000O\000F\000\051}{chapter.9}% 67
\BOOKMARK [1][-]{section.9.3}{\376\377\000A\000l\000p\000h\000a\000\040\000l\000a\000t\000e\000r\000a\000l\000i\000s\000a\000t\000i\000o\000n\000\040\000\050\000A\000L\000I\000\051}{chapter.9}% 68
\BOOKMARK [1][-]{section.9.4}{\376\377\000C\000o\000r\000t\000i\000c\000o\000-\000a\000c\000o\000u\000s\000t\000i\000c\000\040\000c\000o\000h\000e\000r\000e\000n\000c\000e\000\040\000\050\000C\000A\000C\000\051}{chapter.9}% 69
\BOOKMARK [1][-]{section.9.5}{\376\377\000I\000n\000t\000e\000r\000-\000s\000u\000b\000j\000e\000c\000t\000\040\000c\000o\000r\000r\000e\000l\000a\000t\000i\000o\000n\000\040\000\050\000I\000S\000C\000\051}{chapter.9}% 70
\BOOKMARK [1][-]{section.9.6}{\376\377\000P\000h\000a\000s\000e\040\023\000a\000m\000p\000l\000i\000t\000u\000d\000e\000\040\000c\000o\000u\000p\000l\000i\000n\000g\000\040\000\050\000P\000A\000C\000\051}{chapter.9}% 71
\BOOKMARK [1][-]{section.9.7}{\376\377\000E\000R\000S\000P\000\040\000a\000n\000d\000\040\000I\000T\000C\000\040\000a\000t\000\040\000C\000z}{chapter.9}% 72
\BOOKMARK [1][-]{section.9.8}{\376\377\000M\000i\000c\000r\000o\000s\000t\000a\000t\000e\000s\000\040\000\050\0004\000-\000c\000l\000a\000s\000s\000\051}{chapter.9}% 73
\BOOKMARK [1][-]{section.9.9}{\376\377\000C\000o\000n\000n\000e\000c\000t\000i\000v\000i\000t\000y\000\040\000\050\000a\000l\000p\000h\000a\000\040\000c\000o\000h\000e\000r\000e\000n\000c\000e\000\040\000g\000r\000a\000p\000h\000\051}{chapter.9}% 74
\BOOKMARK [1][-]{section.9.10}{\376\377\000N\000o\000n\000-\000l\000i\000n\000e\000a\000r\000\040\000c\000o\000m\000p\000l\000e\000x\000i\000t\000y\000\040\000\050\000p\000e\000r\000m\000u\000t\000a\000t\000i\000o\000n\000/\000s\000a\000m\000p\000l\000e\000\040\000e\000n\000t\000r\000o\000p\000y\000,\000\040\000L\000Z\000\051}{chapter.9}% 75
\BOOKMARK [1][-]{section.9.11}{\376\377\000S\000u\000m\000m\000a\000r\000y}{chapter.9}% 76
\BOOKMARK [0][-]{chapter.10}{\376\377\000S\000c\000e\000n\000e\000-\000v\000i\000d\000e\000o\000\040\000a\000n\000a\000l\000y\000s\000i\000s\000\040\000\050\000n\000b\0001\0001\000\051\000\040\000a\000n\000d\000\040\000v\000i\000d\000e\000o\000-\000o\000n\000l\000y\000\040\000A\000A\000D}{}% 77
\BOOKMARK [1][-]{section.10.1}{\376\377\000M\000o\000t\000i\000v\000a\000t\000i\000o\000n}{chapter.10}% 78
\BOOKMARK [1][-]{section.10.2}{\376\377\000F\000r\000a\000m\000e\000-\000l\000e\000v\000e\000l\000\040\000o\000p\000t\000i\000c\000a\000l\000\040\000f\000l\000o\000w\000\040\000\050\000S\000u\000b\000j\000e\000c\000t\000\040\0001\000,\000\040\000T\000r\000i\000a\000l\000\040\000E\000v\000a\000l\000-\0006\000\051}{chapter.10}% 79
\BOOKMARK [1][-]{section.10.3}{\376\377\000P\000e\000r\000-\000t\000r\000i\000a\000l\000\040\0001\0005\000-\000f\000e\000a\000t\000u\000r\000e\000\040\000v\000i\000d\000e\000o\000\040\000s\000u\000m\000m\000a\000r\000y}{chapter.10}% 80
\BOOKMARK [1][-]{section.10.4}{\376\377\000V\000i\000d\000e\000o\000-\000o\000n\000l\000y\000\040\000A\000A\000D}{chapter.10}% 81
\BOOKMARK [1][-]{section.10.5}{\376\377\000I\000M\000U\000-\000o\000n\000l\000y\000\040\000A\000A\000D\000\040\000\050\000f\000o\000r\000\040\000c\000o\000m\000p\000a\000r\000i\000s\000o\000n\000\051}{chapter.10}% 82
\BOOKMARK [1][-]{section.10.6}{\376\377\000C\000r\000o\000s\000s\000-\000m\000o\000d\000a\000l\000\040\000r\000e\000l\000a\000t\000i\000o\000n\000:\000\040\000v\000i\000d\000e\000o\000\040\000/\000\040\000I\000M\000U\000\040\000/\000\040\000E\000E\000G}{chapter.10}% 83
\BOOKMARK [1][-]{section.10.7}{\376\377\000W\000h\000a\000t\000\040\000v\000i\000d\000e\000o\000\040\000u\000n\000i\000q\000u\000e\000l\000y\000\040\000c\000o\000n\000t\000r\000i\000b\000u\000t\000e\000s}{chapter.10}% 84
\BOOKMARK [1][-]{section.10.8}{\376\377\000W\000h\000a\000t\000\040\000t\000o\000\040\000r\000u\000n\000\040\000n\000e\000x\000t\000\040\000\050\000c\000o\000v\000e\000r\000e\000d\000\040\000i\000n\000\040\000C\000h\000a\000p\000t\000e\000r\000\040\0001\0001\000\051}{chapter.10}% 85
\BOOKMARK [0][-]{chapter.11}{\376\377\000B\000e\000n\000c\000h\000m\000a\000r\000k\000\040\000l\000e\000a\000d\000e\000r\000b\000o\000a\000r\000d}{}% 86
\BOOKMARK [1][-]{section.11.1}{\376\377\000P\000u\000r\000p\000o\000s\000e}{chapter.11}% 87
\BOOKMARK [1][-]{section.11.2}{\376\377\000H\000e\000m\000i\000s\000p\000h\000e\000r\000e\000\040\000t\000a\000s\000k\000\040\000\050\000c\000h\000a\000n\000c\000e\000\040\0000\000.\0005\0000\0000\000\051}{chapter.11}% 88
\BOOKMARK [1][-]{section.11.3}{\376\377\000I\000n\000n\000e\000r\000\040\000/\000\040\000o\000u\000t\000e\000r\000\040\000t\000a\000s\000k\000\040\000\050\000c\000h\000a\000n\000c\000e\000\040\0000\000.\0005\0000\0000\000\051}{chapter.11}% 89
\BOOKMARK [1][-]{section.11.4}{\376\377\0004\000-\000c\000l\000a\000s\000s\000\040\000s\000p\000e\000a\000k\000e\000r\000\040\000i\000d\000e\000n\000t\000i\000t\000y\000\040\000\050\000c\000h\000a\000n\000c\000e\000\040\0000\000.\0002\0005\0000\000\051}{chapter.11}% 90
\BOOKMARK [1][-]{section.11.5}{\376\377\000E\000n\000v\000e\000l\000o\000p\000e\000-\000a\000t\000t\000e\000n\000d\000a\000n\000c\000e\000\040\000\050\000T\000R\000F\000\040\000c\000o\000r\000r\000e\000c\000t\000n\000e\000s\000s\000\051}{chapter.11}% 91
\BOOKMARK [1][-]{section.11.6}{\376\377\000G\000a\000z\000e\000-\000r\000e\000s\000i\000d\000u\000a\000l\000i\000s\000e\000d\000\040\000c\000o\000n\000t\000r\000o\000l}{chapter.11}% 92
\BOOKMARK [1][-]{section.11.7}{\376\377\000R\000e\000p\000r\000o\000d\000u\000c\000i\000b\000i\000l\000i\000t\000y\000\040\000a\000r\000t\000e\000f\000a\000c\000t\000s}{chapter.11}% 93
\BOOKMARK [1][-]{section.11.8}{\376\377\000O\000u\000t\000s\000t\000a\000n\000d\000i\000n\000g\000\040\000g\000a\000p\000s\000\040\000\050\000S\000t\000a\000g\000e\000-\000C\000\051}{chapter.11}% 94
\BOOKMARK [0][-]{chapter.12}{\376\377\000C\000o\000n\000t\000i\000n\000u\000o\000u\000s\000\040\000A\000A\000D\000\040\040\024\000\040\000w\000i\000n\000d\000o\000w\000\040\000s\000w\000e\000e\000p\000\040\000a\000n\000d\000\040\000t\000i\000m\000e\000-\000t\000o\000-\000s\000w\000i\000t\000c\000h}{}% 95
\BOOKMARK [1][-]{section.12.1}{\376\377\000M\000o\000t\000i\000v\000a\000t\000i\000o\000n}{chapter.12}% 96
\BOOKMARK [1][-]{section.12.2}{\376\377\000W\000i\000n\000d\000o\000w\000\040\000s\000w\000e\000e\000p}{chapter.12}% 97
\BOOKMARK [1][-]{section.12.3}{\376\377\000W\000h\000a\000t\000\040\000t\000h\000e\000\040\000e\000n\000v\000e\000l\000o\000p\000e\000\040\000w\000i\000n\000d\000o\000w\000\040\000c\000u\000r\000v\000e\000\040\000i\000m\000p\000l\000i\000e\000s\000\040\000f\000o\000r\000\040\000d\000e\000p\000l\000o\000y\000m\000e\000n\000t}{chapter.12}% 98
\BOOKMARK [1][-]{section.12.4}{\376\377\000T\000i\000m\000e\000-\000t\000o\000-\000s\000w\000i\000t\000c\000h\000\040\000p\000r\000o\000x\000y}{chapter.12}% 99
\BOOKMARK [1][-]{section.12.5}{\376\377\000A\000r\000t\000e\000f\000a\000c\000t\000\040\000s\000u\000m\000m\000a\000r\000y}{chapter.12}% 100
\BOOKMARK [0][-]{chapter.13}{\376\377\000G\000e\000n\000e\000r\000a\000l\000i\000s\000a\000t\000i\000o\000n\000\040\000s\000t\000r\000e\000s\000s\000\040\000t\000e\000s\000t\000s}{}% 101
\BOOKMARK [1][-]{section.13.1}{\376\377\000M\000o\000t\000i\000v\000a\000t\000i\000o\000n}{chapter.13}% 102
\BOOKMARK [1][-]{section.13.2}{\376\377\000S\000N\000R\000\040\000s\000t\000r\000a\000t\000i\000f\000i\000c\000a\000t\000i\000o\000n\000\040\000\050\0004\000-\000c\000l\000a\000s\000s\000\040\000d\000e\000c\000o\000d\000e\000r\000\051}{chapter.13}% 103
\BOOKMARK [1][-]{section.13.3}{\376\377\000D\000i\000r\000e\000c\000t\000i\000o\000n\000\040\000s\000t\000r\000a\000t\000i\000f\000i\000c\000a\000t\000i\000o\000n}{chapter.13}% 104
\BOOKMARK [1][-]{section.13.4}{\376\377\000G\000a\000z\000e\000-\000r\000e\000s\000i\000d\000u\000a\000l\000i\000s\000e\000d\000\040\000d\000e\000c\000o\000d\000e\000r\000\040\000\040\000S\000N\000R}{chapter.13}% 105
\BOOKMARK [1][-]{section.13.5}{\376\377\000C\000r\000o\000s\000s\000-\000s\000t\000o\000r\000y\000\040\000l\000e\000a\000k\000a\000g\000e\000\040\000\050\000w\000h\000a\000t\000\040\000r\000e\000m\000a\000i\000n\000s\000\040\000t\000o\000\040\000b\000e\000\040\000r\000u\000n\000\051}{chapter.13}% 106
\BOOKMARK [1][-]{section.13.6}{\376\377\000T\000r\000u\000e\000\040\000c\000r\000o\000s\000s\000-\000S\000N\000R\000\040\000r\000e\000t\000r\000a\000i\000n\000i\000n\000g\000\040\000\050\000o\000u\000t\000s\000t\000a\000n\000d\000i\000n\000g\000\051}{chapter.13}% 107
\BOOKMARK [1][-]{section.13.7}{\376\377\000A\000r\000t\000e\000f\000a\000c\000t\000\040\000s\000u\000m\000m\000a\000r\000y}{chapter.13}% 108
\BOOKMARK [0][-]{chapter.14}{\376\377\000I\000n\000d\000i\000v\000i\000d\000u\000a\000l\000\040\000d\000i\000f\000f\000e\000r\000e\000n\000c\000e\000s\000\040\040\024\000\040\000w\000h\000o\000\040\000d\000o\000e\000s\000\040\000t\000h\000e\000\040\000d\000e\000c\000o\000d\000e\000r\000\040\000w\000o\000r\000k\000\040\000f\000o\000r\000?}{}% 109
\BOOKMARK [1][-]{section.14.1}{\376\377\000M\000o\000t\000i\000v\000a\000t\000i\000o\000n}{chapter.14}% 110
\BOOKMARK [1][-]{section.14.2}{\376\377\000C\000o\000v\000a\000r\000i\000a\000t\000e\000\040\000t\000a\000b\000l\000e}{chapter.14}% 111
\BOOKMARK [1][-]{section.14.3}{\376\377\000P\000e\000r\000-\000t\000a\000r\000g\000e\000t\000\040\000r\000e\000g\000r\000e\000s\000s\000i\000o\000n}{chapter.14}% 112
\BOOKMARK [1][-]{section.14.4}{\376\377\000I\000n\000t\000e\000r\000p\000r\000e\000t\000a\000t\000i\000o\000n}{chapter.14}% 113
\BOOKMARK [1][-]{section.14.5}{\376\377\000P\000r\000o\000p\000o\000s\000e\000d\000\040\000s\000u\000b\000j\000e\000c\000t\000-\000e\000x\000c\000l\000u\000s\000i\000o\000n\000\040\000r\000u\000l\000e}{chapter.14}% 114
\BOOKMARK [1][-]{section.14.6}{\376\377\000A\000r\000t\000e\000f\000a\000c\000t\000\040\000s\000u\000m\000m\000a\000r\000y}{chapter.14}% 115
\BOOKMARK [0][-]{chapter.15}{\376\377\000D\000e\000e\000p\000-\000m\000o\000d\000e\000l\000\040\000s\000c\000a\000f\000f\000o\000l\000d\000s\000\040\000\050\000n\000o\000t\000\040\000e\000x\000e\000c\000u\000t\000e\000d\000\040\000o\000n\000\040\000C\000P\000U\000\051}{}% 116
\BOOKMARK [1][-]{section.15.1}{\376\377\000M\000o\000t\000i\000v\000a\000t\000i\000o\000n}{chapter.15}% 117
\BOOKMARK [1][-]{section.15.2}{\376\377\000S\000t\000i\000m\000u\000l\000u\000s\000\040\000r\000e\000c\000o\000n\000s\000t\000r\000u\000c\000t\000i\000o\000n\000\040\000C\000N\000N}{chapter.15}% 118
\BOOKMARK [1][-]{section.15.3}{\376\377\000F\000o\000u\000n\000d\000a\000t\000i\000o\000n\000-\000m\000o\000d\000e\000l\000\040\000p\000r\000o\000b\000e\000\040\000\050\000L\000a\000B\000r\000a\000M\000\040\000/\000\040\000B\000I\000O\000T\000\051}{chapter.15}% 119
\BOOKMARK [1][-]{section.15.4}{\376\377\000C\000r\000o\000s\000s\000-\000m\000o\000d\000a\000l\000\040\000a\000t\000t\000e\000n\000t\000i\000o\000n\000\040\000\050\000E\000E\000G\000\040\000\040\000g\000a\000z\000e\000\040\000d\000u\000a\000l\000-\000s\000t\000r\000e\000a\000m\000\051}{chapter.15}% 120
\BOOKMARK [1][-]{section.15.5}{\376\377\000R\000u\000n\000t\000i\000m\000e\000\040\000e\000s\000t\000i\000m\000a\000t\000e}{chapter.15}% 121
\BOOKMARK [1][-]{section.15.6}{\376\377\000I\000n\000t\000e\000g\000r\000a\000t\000i\000o\000n\000\040\000w\000i\000t\000h\000\040\000t\000h\000e\000\040\000b\000e\000n\000c\000h\000m\000a\000r\000k}{chapter.15}% 122
\BOOKMARK [0][-]{chapter.16}{\376\377\000B\000e\000h\000a\000v\000i\000o\000u\000r\000a\000l\000\040\000\040\000d\000e\000c\000o\000d\000i\000n\000g\000\040\040\024\000\040\000t\000r\000i\000a\000l\000-\000l\000e\000v\000e\000l\000\040\000c\000o\000r\000r\000e\000l\000a\000t\000i\000o\000n}{}% 123
\BOOKMARK [1][-]{section.16.1}{\376\377\000Q\000u\000e\000s\000t\000i\000o\000n}{chapter.16}% 124
\BOOKMARK [1][-]{section.16.2}{\376\377\000P\000o\000o\000l\000e\000d\000\040\000t\000r\000i\000a\000l\000-\000l\000e\000v\000e\000l\000\040\000c\000o\000n\000t\000i\000n\000g\000e\000n\000c\000y}{chapter.16}% 125
\BOOKMARK [1][-]{section.16.3}{\376\377\000W\000i\000t\000h\000i\000n\000-\000s\000u\000b\000j\000e\000c\000t\000\040\000p\000a\000i\000r\000e\000d\000\040\000t\000e\000s\000t\000\040\000\050\000t\000h\000e\000\040\000t\000r\000u\000s\000t\000w\000o\000r\000t\000h\000y\000\040\000o\000n\000e\000\051}{chapter.16}% 126
\BOOKMARK [1][-]{section.16.4}{\376\377\000E\000n\000v\000e\000l\000o\000p\000e\000-\000t\000r\000a\000c\000k\000i\000n\000g\000\040\000m\000a\000r\000g\000i\000n}{chapter.16}% 127
\BOOKMARK [1][-]{section.16.5}{\376\377\000S\000u\000b\000j\000e\000c\000t\000-\000l\000e\000v\000e\000l\000\040\000d\000e\000c\000o\000d\000e\000r\000-\000v\000s\000-\000c\000o\000m\000p\000r\000e\000h\000e\000n\000s\000i\000o\000n\000\040\000c\000o\000r\000r\000e\000l\000a\000t\000i\000o\000n}{chapter.16}% 128
\BOOKMARK [1][-]{section.16.6}{\376\377\000I\000n\000t\000e\000r\000p\000r\000e\000t\000a\000t\000i\000o\000n}{chapter.16}% 129
\BOOKMARK [1][-]{section.16.7}{\376\377\000W\000h\000a\000t\000\040\000t\000h\000i\000s\000\040\000m\000e\000a\000n\000s\000\040\000f\000o\000r\000\040\000t\000h\000e\000\040\000p\000a\000p\000e\000r}{chapter.16}% 130
\BOOKMARK [1][-]{section.16.8}{\376\377\000A\000r\000t\000e\000f\000a\000c\000t\000\040\000s\000u\000m\000m\000a\000r\000y}{chapter.16}% 131
\BOOKMARK [0][-]{chapter.17}{\376\377\000N\000e\000x\000t\000\040\000s\000t\000e\000p\000s}{}% 132
\BOOKMARK [1][-]{section.17.1}{\376\377\000H\000y\000p\000o\000t\000h\000e\000s\000e\000s\000\040\000t\000h\000a\000t\000\040\000r\000e\000m\000a\000i\000n\000\040\000t\000o\000\040\000b\000e\000\040\000t\000e\000s\000t\000e\000d}{chapter.17}% 133
\BOOKMARK [1][-]{section.17.2}{\376\377\000P\000l\000a\000n\000n\000e\000d\000\040\000e\000x\000p\000e\000r\000i\000m\000e\000n\000t\000s\000\040\000\050\000i\000t\000e\000r\000-\0004\000\040\000S\000L\000U\000R\000M\000\040\000j\000o\000b\000s\000\051}{chapter.17}% 134
\BOOKMARK [1][-]{section.17.3}{\376\377\000S\000u\000c\000c\000e\000s\000s\000\040\000c\000r\000i\000t\000e\000r\000i\000a\000\040\000\050\000N\000e\000u\000r\000I\000P\000S\000-\000r\000e\000a\000d\000y\000\051}{chapter.17}% 135
