This is pdfTeX, Version 3.141592653-2.6-1.40.26 (TeX Live 2024) (preloaded format=pdflatex 2024.4.10)  23 APR 2026 07:38
entering extended mode
 restricted \write18 enabled.
 %&-line parsing enabled.
**main.tex
(./main.tex
LaTeX2e <2023-11-01> patch level 1
L3 programming layer <2024-03-14>

(/apps/spack/0.21/cardinal/linux-rhel9-sapphirerapids/texlive/gcc/11.3.1/2024-n
eqlvvq/texmf-dist/tex/latex/base/report.cls
Document Class: report 2023/05/17 v1.4n Standard LaTeX document class

(/apps/spack/0.21/cardinal/linux-rhel9-sapphirerapids/texlive/gcc/11.3.1/2024-n
eqlvvq/texmf-dist/tex/latex/base/size11.clo
File: size11.clo 2023/05/17 v1.4n Standard LaTeX file (size option)
)
\c@part=\count188
\c@chapter=\count189
\c@section=\count190
\c@subsection=\count191
\c@subsubsection=\count192
\c@paragraph=\count193
\c@subparagraph=\count194
\c@figure=\count195
\c@table=\count196
\abovecaptionskip=\skip48
\belowcaptionskip=\skip49
\bibindent=\dimen140
)
(/apps/spack/0.21/cardinal/linux-rhel9-sapphirerapids/texlive/gcc/11.3.1/2024-n
eqlvvq/texmf-dist/tex/latex/base/fontenc.sty
Package: fontenc 2021/04/29 v2.0v Standard LaTeX package
)
(/apps/spack/0.21/cardinal/linux-rhel9-sapphirerapids/texlive/gcc/11.3.1/2024-n
eqlvvq/texmf-dist/tex/latex/base/inputenc.sty
Package: inputenc 2021/02/14 v1.3d Input encoding file
\inpenc@prehook=\toks17
\inpenc@posthook=\toks18
)
(/apps/spack/0.21/cardinal/linux-rhel9-sapphirerapids/texlive/gcc/11.3.1/2024-n
eqlvvq/texmf-dist/tex/latex/base/textcomp.sty
Package: textcomp 2020/02/02 v2.0n Standard LaTeX package
)
(/apps/spack/0.21/cardinal/linux-rhel9-sapphirerapids/texlive/gcc/11.3.1/2024-n
eqlvvq/texmf-dist/tex/latex/geometry/geometry.sty
Package: geometry 2020/01/02 v5.9 Page Geometry

(/apps/spack/0.21/cardinal/linux-rhel9-sapphirerapids/texlive/gcc/11.3.1/2024-n
eqlvvq/texmf-dist/tex/latex/graphics/keyval.sty
Package: keyval 2022/05/29 v1.15 key=value parser (DPC)
\KV@toks@=\toks19
)
(/apps/spack/0.21/cardinal/linux-rhel9-sapphirerapids/texlive/gcc/11.3.1/2024-n
eqlvvq/texmf-dist/tex/generic/iftex/ifvtex.sty
Package: ifvtex 2019/10/25 v1.7 ifvtex legacy package. Use iftex instead.

(/apps/spack/0.21/cardinal/linux-rhel9-sapphirerapids/texlive/gcc/11.3.1/2024-n
eqlvvq/texmf-dist/tex/generic/iftex/iftex.sty
Package: iftex 2022/02/03 v1.0f TeX engine tests
))
\Gm@cnth=\count197
\Gm@cntv=\count198
\c@Gm@tempcnt=\count199
\Gm@bindingoffset=\dimen141
\Gm@wd@mp=\dimen142
\Gm@odd@mp=\dimen143
\Gm@even@mp=\dimen144
\Gm@layoutwidth=\dimen145
\Gm@layoutheight=\dimen146
\Gm@layouthoffset=\dimen147
\Gm@layoutvoffset=\dimen148
\Gm@dimlist=\toks20
)
(/apps/spack/0.21/cardinal/linux-rhel9-sapphirerapids/texlive/gcc/11.3.1/2024-n
eqlvvq/texmf-dist/tex/latex/booktabs/booktabs.sty
Package: booktabs 2020/01/12 v1.61803398 Publication quality tables
\heavyrulewidth=\dimen149
\lightrulewidth=\dimen150
\cmidrulewidth=\dimen151
\belowrulesep=\dimen152
\belowbottomsep=\dimen153
\aboverulesep=\dimen154
\abovetopsep=\dimen155
\cmidrulesep=\dimen156
\cmidrulekern=\dimen157
\defaultaddspace=\dimen158
\@cmidla=\count266
\@cmidlb=\count267
\@aboverulesep=\dimen159
\@belowrulesep=\dimen160
\@thisruleclass=\count268
\@lastruleclass=\count269
\@thisrulewidth=\dimen161
)
(/apps/spack/0.21/cardinal/linux-rhel9-sapphirerapids/texlive/gcc/11.3.1/2024-n
eqlvvq/texmf-dist/tex/latex/graphics/graphicx.sty
Package: graphicx 2021/09/16 v1.2d Enhanced LaTeX Graphics (DPC,SPQR)

(/apps/spack/0.21/cardinal/linux-rhel9-sapphirerapids/texlive/gcc/11.3.1/2024-n
eqlvvq/texmf-dist/tex/latex/graphics/graphics.sty
Package: graphics 2022/03/10 v1.4e Standard LaTeX Graphics (DPC,SPQR)

(/apps/spack/0.21/cardinal/linux-rhel9-sapphirerapids/texlive/gcc/11.3.1/2024-n
eqlvvq/texmf-dist/tex/latex/graphics/trig.sty
Package: trig 2021/08/11 v1.11 sin cos tan (DPC)
)
(/apps/spack/0.21/cardinal/linux-rhel9-sapphirerapids/texlive/gcc/11.3.1/2024-n
eqlvvq/texmf-dist/tex/latex/graphics-cfg/graphics.cfg
File: graphics.cfg 2016/06/04 v1.11 sample graphics configuration
)
Package graphics Info: Driver file: pdftex.def on input line 107.

(/apps/spack/0.21/cardinal/linux-rhel9-sapphirerapids/texlive/gcc/11.3.1/2024-n
eqlvvq/texmf-dist/tex/latex/graphics-def/pdftex.def
File: pdftex.def 2022/09/22 v1.2b Graphics/color driver for pdftex
))
\Gin@req@height=\dimen162
\Gin@req@width=\dimen163
)
(/apps/spack/0.21/cardinal/linux-rhel9-sapphirerapids/texlive/gcc/11.3.1/2024-n
eqlvvq/texmf-dist/tex/latex/hyperref/hyperref.sty
Package: hyperref 2024-01-20 v7.01h Hypertext links for LaTeX

(/apps/spack/0.21/cardinal/linux-rhel9-sapphirerapids/texlive/gcc/11.3.1/2024-n
eqlvvq/texmf-dist/tex/latex/kvsetkeys/kvsetkeys.sty
Package: kvsetkeys 2022-10-05 v1.19 Key value parser (HO)
)
(/apps/spack/0.21/cardinal/linux-rhel9-sapphirerapids/texlive/gcc/11.3.1/2024-n
eqlvvq/texmf-dist/tex/generic/kvdefinekeys/kvdefinekeys.sty
Package: kvdefinekeys 2019-12-19 v1.6 Define keys (HO)
)
(/apps/spack/0.21/cardinal/linux-rhel9-sapphirerapids/texlive/gcc/11.3.1/2024-n
eqlvvq/texmf-dist/tex/generic/pdfescape/pdfescape.sty
Package: pdfescape 2019/12/09 v1.15 Implements pdfTeX's escape features (HO)

(/apps/spack/0.21/cardinal/linux-rhel9-sapphirerapids/texlive/gcc/11.3.1/2024-n
eqlvvq/texmf-dist/tex/generic/ltxcmds/ltxcmds.sty
Package: ltxcmds 2023-12-04 v1.26 LaTeX kernel commands for general use (HO)
)
(/apps/spack/0.21/cardinal/linux-rhel9-sapphirerapids/texlive/gcc/11.3.1/2024-n
eqlvvq/texmf-dist/tex/generic/pdftexcmds/pdftexcmds.sty
Package: pdftexcmds 2020-06-27 v0.33 Utility functions of pdfTeX for LuaTeX (HO
)

(/apps/spack/0.21/cardinal/linux-rhel9-sapphirerapids/texlive/gcc/11.3.1/2024-n
eqlvvq/texmf-dist/tex/generic/infwarerr/infwarerr.sty
Package: infwarerr 2019/12/03 v1.5 Providing info/warning/error messages (HO)
)
Package pdftexcmds Info: \pdf@primitive is available.
Package pdftexcmds Info: \pdf@ifprimitive is available.
Package pdftexcmds Info: \pdfdraftmode found.
))
(/apps/spack/0.21/cardinal/linux-rhel9-sapphirerapids/texlive/gcc/11.3.1/2024-n
eqlvvq/texmf-dist/tex/latex/hycolor/hycolor.sty
Package: hycolor 2020-01-27 v1.10 Color options for hyperref/bookmark (HO)
)
(/apps/spack/0.21/cardinal/linux-rhel9-sapphirerapids/texlive/gcc/11.3.1/2024-n
eqlvvq/texmf-dist/tex/latex/auxhook/auxhook.sty
Package: auxhook 2019-12-17 v1.6 Hooks for auxiliary files (HO)
)
(/apps/spack/0.21/cardinal/linux-rhel9-sapphirerapids/texlive/gcc/11.3.1/2024-n
eqlvvq/texmf-dist/tex/latex/hyperref/nameref.sty
Package: nameref 2023-11-26 v2.56 Cross-referencing by name of section

(/apps/spack/0.21/cardinal/linux-rhel9-sapphirerapids/texlive/gcc/11.3.1/2024-n
eqlvvq/texmf-dist/tex/latex/refcount/refcount.sty
Package: refcount 2019/12/15 v3.6 Data extraction from label references (HO)
)
(/apps/spack/0.21/cardinal/linux-rhel9-sapphirerapids/texlive/gcc/11.3.1/2024-n
eqlvvq/texmf-dist/tex/generic/gettitlestring/gettitlestring.sty
Package: gettitlestring 2019/12/15 v1.6 Cleanup title references (HO)

(/apps/spack/0.21/cardinal/linux-rhel9-sapphirerapids/texlive/gcc/11.3.1/2024-n
eqlvvq/texmf-dist/tex/latex/kvoptions/kvoptions.sty
Package: kvoptions 2022-06-15 v3.15 Key value format for package options (HO)
))
\c@section@level=\count270
)
(/apps/spack/0.21/cardinal/linux-rhel9-sapphirerapids/texlive/gcc/11.3.1/2024-n
eqlvvq/texmf-dist/tex/latex/etoolbox/etoolbox.sty
Package: etoolbox 2020/10/05 v2.5k e-TeX tools for LaTeX (JAW)
\etb@tempcnta=\count271
)
\@linkdim=\dimen164
\Hy@linkcounter=\count272
\Hy@pagecounter=\count273

(/apps/spack/0.21/cardinal/linux-rhel9-sapphirerapids/texlive/gcc/11.3.1/2024-n
eqlvvq/texmf-dist/tex/latex/hyperref/pd1enc.def
File: pd1enc.def 2024-01-20 v7.01h Hyperref: PDFDocEncoding definition (HO)
Now handling font encoding PD1 ...
... no UTF-8 mapping file for font encoding PD1
)
(/apps/spack/0.21/cardinal/linux-rhel9-sapphirerapids/texlive/gcc/11.3.1/2024-n
eqlvvq/texmf-dist/tex/generic/intcalc/intcalc.sty
Package: intcalc 2019/12/15 v1.3 Expandable calculations with integers (HO)
)
\Hy@SavedSpaceFactor=\count274

(/apps/spack/0.21/cardinal/linux-rhel9-sapphirerapids/texlive/gcc/11.3.1/2024-n
eqlvvq/texmf-dist/tex/latex/hyperref/puenc.def
File: puenc.def 2024-01-20 v7.01h Hyperref: PDF Unicode definition (HO)
Now handling font encoding PU ...
... no UTF-8 mapping file for font encoding PU
)
Package hyperref Info: Hyper figures OFF on input line 4179.
Package hyperref Info: Link nesting OFF on input line 4184.
Package hyperref Info: Hyper index ON on input line 4187.
Package hyperref Info: Plain pages OFF on input line 4194.
Package hyperref Info: Backreferencing OFF on input line 4199.
Package hyperref Info: Implicit mode ON; LaTeX internals redefined.
Package hyperref Info: Bookmarks ON on input line 4446.
\c@Hy@tempcnt=\count275

(/apps/spack/0.21/cardinal/linux-rhel9-sapphirerapids/texlive/gcc/11.3.1/2024-n
eqlvvq/texmf-dist/tex/latex/url/url.sty
\Urlmuskip=\muskip16
Package: url 2013/09/16  ver 3.4  Verb mode for urls, etc.
)
LaTeX Info: Redefining \url on input line 4784.
\XeTeXLinkMargin=\dimen165

(/apps/spack/0.21/cardinal/linux-rhel9-sapphirerapids/texlive/gcc/11.3.1/2024-n
eqlvvq/texmf-dist/tex/generic/bitset/bitset.sty
Package: bitset 2019/12/09 v1.3 Handle bit-vector datatype (HO)

(/apps/spack/0.21/cardinal/linux-rhel9-sapphirerapids/texlive/gcc/11.3.1/2024-n
eqlvvq/texmf-dist/tex/generic/bigintcalc/bigintcalc.sty
Package: bigintcalc 2019/12/15 v1.5 Expandable calculations on big integers (HO
)
))
\Fld@menulength=\count276
\Field@Width=\dimen166
\Fld@charsize=\dimen167
Package hyperref Info: Hyper figures OFF on input line 6063.
Package hyperref Info: Link nesting OFF on input line 6068.
Package hyperref Info: Hyper index ON on input line 6071.
Package hyperref Info: backreferencing OFF on input line 6078.
Package hyperref Info: Link coloring OFF on input line 6083.
Package hyperref Info: Link coloring with OCG OFF on input line 6088.
Package hyperref Info: PDF/A mode OFF on input line 6093.

(/apps/spack/0.21/cardinal/linux-rhel9-sapphirerapids/texlive/gcc/11.3.1/2024-n
eqlvvq/texmf-dist/tex/latex/base/atbegshi-ltx.sty
Package: atbegshi-ltx 2021/01/10 v1.0c Emulation of the original atbegshi
package with kernel methods
)
\Hy@abspage=\count277
\c@Item=\count278
\c@Hfootnote=\count279
)
Package hyperref Info: Driver (autodetected): hpdftex.

(/apps/spack/0.21/cardinal/linux-rhel9-sapphirerapids/texlive/gcc/11.3.1/2024-n
eqlvvq/texmf-dist/tex/latex/hyperref/hpdftex.def
File: hpdftex.def 2024-01-20 v7.01h Hyperref driver for pdfTeX

(/apps/spack/0.21/cardinal/linux-rhel9-sapphirerapids/texlive/gcc/11.3.1/2024-n
eqlvvq/texmf-dist/tex/latex/base/atveryend-ltx.sty
Package: atveryend-ltx 2020/08/19 v1.0a Emulation of the original atveryend pac
kage
with kernel methods
)
\Fld@listcount=\count280
\c@bookmark@seq@number=\count281

(/apps/spack/0.21/cardinal/linux-rhel9-sapphirerapids/texlive/gcc/11.3.1/2024-n
eqlvvq/texmf-dist/tex/latex/rerunfilecheck/rerunfilecheck.sty
Package: rerunfilecheck 2022-07-10 v1.10 Rerun checks for auxiliary files (HO)

(/apps/spack/0.21/cardinal/linux-rhel9-sapphirerapids/texlive/gcc/11.3.1/2024-n
eqlvvq/texmf-dist/tex/generic/uniquecounter/uniquecounter.sty
Package: uniquecounter 2019/12/15 v1.4 Provide unlimited unique counter (HO)
)
Package uniquecounter Info: New unique counter `rerunfilecheck' on input line 2
85.
)
\Hy@SectionHShift=\skip50
)
(/apps/spack/0.21/cardinal/linux-rhel9-sapphirerapids/texlive/gcc/11.3.1/2024-n
eqlvvq/texmf-dist/tex/latex/xcolor/xcolor.sty
Package: xcolor 2023/11/15 v3.01 LaTeX color extensions (UK)

(/apps/spack/0.21/cardinal/linux-rhel9-sapphirerapids/texlive/gcc/11.3.1/2024-n
eqlvvq/texmf-dist/tex/latex/graphics-cfg/color.cfg
File: color.cfg 2016/01/02 v1.6 sample color configuration
)
Package xcolor Info: Driver file: pdftex.def on input line 274.

(/apps/spack/0.21/cardinal/linux-rhel9-sapphirerapids/texlive/gcc/11.3.1/2024-n
eqlvvq/texmf-dist/tex/latex/graphics/mathcolor.ltx)
Package xcolor Info: Model `cmy' substituted by `cmy0' on input line 1350.
Package xcolor Info: Model `hsb' substituted by `rgb' on input line 1354.
Package xcolor Info: Model `RGB' extended on input line 1366.
Package xcolor Info: Model `HTML' substituted by `rgb' on input line 1368.
Package xcolor Info: Model `Hsb' substituted by `hsb' on input line 1369.
Package xcolor Info: Model `tHsb' substituted by `hsb' on input line 1370.
Package xcolor Info: Model `HSB' substituted by `hsb' on input line 1371.
Package xcolor Info: Model `Gray' substituted by `gray' on input line 1372.
Package xcolor Info: Model `wave' substituted by `hsb' on input line 1373.
)
(/apps/spack/0.21/cardinal/linux-rhel9-sapphirerapids/texlive/gcc/11.3.1/2024-n
eqlvvq/texmf-dist/tex/latex/tools/verbatim.sty
Package: verbatim 2023-11-06 v1.5v LaTeX2e package for verbatim enhancements
\every@verbatim=\toks21
\verbatim@line=\toks22
\verbatim@in@stream=\read2
)
(/apps/spack/0.21/cardinal/linux-rhel9-sapphirerapids/texlive/gcc/11.3.1/2024-n
eqlvvq/texmf-dist/tex/latex/amsmath/amsmath.sty
Package: amsmath 2023/05/13 v2.17o AMS math features
\@mathmargin=\skip51

For additional information on amsmath, use the `?' option.

(/apps/spack/0.21/cardinal/linux-rhel9-sapphirerapids/texlive/gcc/11.3.1/2024-n
eqlvvq/texmf-dist/tex/latex/amsmath/amstext.sty
Package: amstext 2021/08/26 v2.01 AMS text

(/apps/spack/0.21/cardinal/linux-rhel9-sapphirerapids/texlive/gcc/11.3.1/2024-n
eqlvvq/texmf-dist/tex/latex/amsmath/amsgen.sty
File: amsgen.sty 1999/11/30 v2.0 generic functions
\@emptytoks=\toks23
\ex@=\dimen168
))
(/apps/spack/0.21/cardinal/linux-rhel9-sapphirerapids/texlive/gcc/11.3.1/2024-n
eqlvvq/texmf-dist/tex/latex/amsmath/amsbsy.sty
Package: amsbsy 1999/11/29 v1.2d Bold Symbols
\pmbraise@=\dimen169
)
(/apps/spack/0.21/cardinal/linux-rhel9-sapphirerapids/texlive/gcc/11.3.1/2024-n
eqlvvq/texmf-dist/tex/latex/amsmath/amsopn.sty
Package: amsopn 2022/04/08 v2.04 operator names
)
\inf@bad=\count282
LaTeX Info: Redefining \frac on input line 234.
\uproot@=\count283
\leftroot@=\count284
LaTeX Info: Redefining \overline on input line 399.
LaTeX Info: Redefining \colon on input line 410.
\classnum@=\count285
\DOTSCASE@=\count286
LaTeX Info: Redefining \ldots on input line 496.
LaTeX Info: Redefining \dots on input line 499.
LaTeX Info: Redefining \cdots on input line 620.
\Mathstrutbox@=\box51
\strutbox@=\box52
LaTeX Info: Redefining \big on input line 722.
LaTeX Info: Redefining \Big on input line 723.
LaTeX Info: Redefining \bigg on input line 724.
LaTeX Info: Redefining \Bigg on input line 725.
\big@size=\dimen170
LaTeX Font Info:    Redeclaring font encoding OML on input line 743.
LaTeX Font Info:    Redeclaring font encoding OMS on input line 744.
\macc@depth=\count287
LaTeX Info: Redefining \bmod on input line 905.
LaTeX Info: Redefining \pmod on input line 910.
LaTeX Info: Redefining \smash on input line 940.
LaTeX Info: Redefining \relbar on input line 970.
LaTeX Info: Redefining \Relbar on input line 971.
\c@MaxMatrixCols=\count288
\dotsspace@=\muskip17
\c@parentequation=\count289
\dspbrk@lvl=\count290
\tag@help=\toks24
\row@=\count291
\column@=\count292
\maxfields@=\count293
\andhelp@=\toks25
\eqnshift@=\dimen171
\alignsep@=\dimen172
\tagshift@=\dimen173
\tagwidth@=\dimen174
\totwidth@=\dimen175
\lineht@=\dimen176
\@envbody=\toks26
\multlinegap=\skip52
\multlinetaggap=\skip53
\mathdisplay@stack=\toks27
LaTeX Info: Redefining \[ on input line 2953.
LaTeX Info: Redefining \] on input line 2954.
)
(/apps/spack/0.21/cardinal/linux-rhel9-sapphirerapids/texlive/gcc/11.3.1/2024-n
eqlvvq/texmf-dist/tex/latex/amsfonts/amssymb.sty
Package: amssymb 2013/01/14 v3.01 AMS font symbols

(/apps/spack/0.21/cardinal/linux-rhel9-sapphirerapids/texlive/gcc/11.3.1/2024-n
eqlvvq/texmf-dist/tex/latex/amsfonts/amsfonts.sty
Package: amsfonts 2013/01/14 v3.01 Basic AMSFonts support
\symAMSa=\mathgroup4
\symAMSb=\mathgroup5
LaTeX Font Info:    Redeclaring math symbol \hbar on input line 98.
LaTeX Font Info:    Overwriting math alphabet `\mathfrak' in version `bold'
(Font)                  U/euf/m/n --> U/euf/b/n on input line 106.
))
(/apps/spack/0.21/cardinal/linux-rhel9-sapphirerapids/texlive/gcc/11.3.1/2024-n
eqlvvq/texmf-dist/tex/latex/siunitx/siunitx.sty
Package: siunitx 2024-02-15 v3.3.12 A comprehensive (SI) units package
\l__siunitx_number_uncert_offset_int=\count294
\l__siunitx_number_exponent_fixed_int=\count295
\l__siunitx_number_min_decimal_int=\count296
\l__siunitx_number_min_integer_int=\count297
\l__siunitx_number_round_precision_int=\count298
\l__siunitx_number_lower_threshold_int=\count299
\l__siunitx_number_upper_threshold_int=\count300
\l__siunitx_number_group_first_int=\count301
\l__siunitx_number_group_size_int=\count302
\l__siunitx_number_group_minimum_int=\count303
\l__siunitx_angle_tmp_dim=\dimen177
\l__siunitx_angle_marker_box=\box53
\l__siunitx_angle_unit_box=\box54
\l__siunitx_compound_count_int=\count304

(/apps/spack/0.21/cardinal/linux-rhel9-sapphirerapids/texlive/gcc/11.3.1/2024-n
eqlvvq/texmf-dist/tex/latex/translations/translations.sty
Package: translations 2022/02/05 v1.12 internationalization of LaTeX2e packages
 (CN)
)
\l__siunitx_table_tmp_box=\box55
\l__siunitx_table_tmp_dim=\dimen178
\l__siunitx_table_column_width_dim=\dimen179
\l__siunitx_table_integer_box=\box56
\l__siunitx_table_decimal_box=\box57
\l__siunitx_table_uncert_box=\box58
\l__siunitx_table_before_box=\box59
\l__siunitx_table_after_box=\box60
\l__siunitx_table_before_dim=\dimen180
\l__siunitx_table_carry_dim=\dimen181
\l__siunitx_unit_tmp_int=\count305
\l__siunitx_unit_position_int=\count306
\l__siunitx_unit_total_int=\count307

(/apps/spack/0.21/cardinal/linux-rhel9-sapphirerapids/texlive/gcc/11.3.1/2024-n
eqlvvq/texmf-dist/tex/latex/tools/array.sty
Package: array 2023/10/16 v2.5g Tabular extension package (FMi)
\col@sep=\dimen182
\ar@mcellbox=\box61
\extrarowheight=\dimen183
\NC@list=\toks28
\extratabsurround=\skip54
\backup@length=\skip55
\ar@cellbox=\box62
))
(/apps/spack/0.21/cardinal/linux-rhel9-sapphirerapids/texlive/gcc/11.3.1/2024-n
eqlvvq/texmf-dist/tex/latex/multirow/multirow.sty
Package: multirow 2021/03/15 v2.8 Span multiple rows of a table
\multirow@colwidth=\skip56
\multirow@cntb=\count308
\multirow@dima=\skip57
\bigstrutjot=\dimen184
)
Package hyperref Info: Option `colorlinks' set `true' on input line 17.
Package translations Info: No language package found. I am going to use `englis
h' as default language. on input line 23.

(/apps/spack/0.21/cardinal/linux-rhel9-sapphirerapids/texlive/gcc/11.3.1/2024-n
eqlvvq/texmf-dist/tex/latex/l3backend/l3backend-pdftex.def
File: l3backend-pdftex.def 2024-03-14 L3 backend support: PDF output (pdfTeX)
\l__color_backend_stack_int=\count309
\l__pdf_internal_box=\box63
) (./main.aux
(./01_pipeline.aux) (./02_results.aux) (./04_iter4_results.aux)
(./05_iter5_spectral.aux) (./06_iter6_controls.aux)
(./07_iter7_decodes_what.aux) (./08_iter8_artefact_subtraction.aux)
(./09_cross_modal_predictability.aux) (./10_advanced_neuroscience.aux)
(./11_scene_video.aux) (./12_benchmark_leaderboard.aux)
(./13_continuous_aad.aux) (./14_generalisation.aux)
(./15_individual_differences.aux) (./16_deep_stubs.aux)
(./17_behaviour_decoding.aux) (./03_next_steps.aux))
\openout1 = `main.aux'.

LaTeX Font Info:    Checking defaults for OML/cmm/m/it on input line 23.
LaTeX Font Info:    ... okay on input line 23.
LaTeX Font Info:    Checking defaults for OMS/cmsy/m/n on input line 23.
LaTeX Font Info:    ... okay on input line 23.
LaTeX Font Info:    Checking defaults for OT1/cmr/m/n on input line 23.
LaTeX Font Info:    ... okay on input line 23.
LaTeX Font Info:    Checking defaults for T1/cmr/m/n on input line 23.
LaTeX Font Info:    ... okay on input line 23.
LaTeX Font Info:    Checking defaults for TS1/cmr/m/n on input line 23.
LaTeX Font Info:    ... okay on input line 23.
LaTeX Font Info:    Checking defaults for OMX/cmex/m/n on input line 23.
LaTeX Font Info:    ... okay on input line 23.
LaTeX Font Info:    Checking defaults for U/cmr/m/n on input line 23.
LaTeX Font Info:    ... okay on input line 23.
LaTeX Font Info:    Checking defaults for PD1/pdf/m/n on input line 23.
LaTeX Font Info:    ... okay on input line 23.
LaTeX Font Info:    Checking defaults for PU/pdf/m/n on input line 23.
LaTeX Font Info:    ... okay on input line 23.

*geometry* driver: auto-detecting
*geometry* detected driver: pdftex
*geometry* verbose mode - [ preamble ] result:
* driver: pdftex
* paper: <default>
* layout: <same size as paper>
* layoutoffset:(h,v)=(0.0pt,0.0pt)
* modes: 
* h-part:(L,W,R)=(72.26999pt, 469.75502pt, 72.26999pt)
* v-part:(T,H,B)=(72.26999pt, 650.43001pt, 72.26999pt)
* \paperwidth=614.295pt
* \paperheight=794.96999pt
* \textwidth=469.75502pt
* \textheight=650.43001pt
* \oddsidemargin=0.0pt
* \evensidemargin=0.0pt
* \topmargin=-37.0pt
* \headheight=12.0pt
* \headsep=25.0pt
* \topskip=11.0pt
* \footskip=30.0pt
* \marginparwidth=59.0pt
* \marginparsep=10.0pt
* \columnsep=10.0pt
* \skip\footins=10.0pt plus 4.0pt minus 2.0pt
* \hoffset=0.0pt
* \voffset=0.0pt
* \mag=1000
* \@twocolumnfalse
* \@twosidefalse
* \@mparswitchfalse
* \@reversemarginfalse
* (1in=72.27pt=25.4mm, 1cm=28.453pt)


(/apps/spack/0.21/cardinal/linux-rhel9-sapphirerapids/texlive/gcc/11.3.1/2024-n
eqlvvq/texmf-dist/tex/context/base/mkii/supp-pdf.mkii
[Loading MPS to PDF converter (version 2006.09.02).]
\scratchcounter=\count310
\scratchdimen=\dimen185
\scratchbox=\box64
\nofMPsegments=\count311
\nofMParguments=\count312
\everyMPshowfont=\toks29
\MPscratchCnt=\count313
\MPscratchDim=\dimen186
\MPnumerator=\count314
\makeMPintoPDFobject=\count315
\everyMPtoPDFconversion=\toks30
)
(/apps/spack/0.21/cardinal/linux-rhel9-sapphirerapids/texlive/gcc/11.3.1/2024-n
eqlvvq/texmf-dist/tex/latex/epstopdf-pkg/epstopdf-base.sty
Package: epstopdf-base 2020-01-24 v2.11 Base part for package epstopdf
Package epstopdf-base Info: Redefining graphics rule for `.eps' on input line 4
85.

(/apps/spack/0.21/cardinal/linux-rhel9-sapphirerapids/texlive/gcc/11.3.1/2024-n
eqlvvq/texmf-dist/tex/latex/latexconfig/epstopdf-sys.cfg
File: epstopdf-sys.cfg 2010/07/13 v1.3 Configuration of (r)epstopdf for TeX Liv
e
))
Package hyperref Info: Link coloring ON on input line 23.
 (./main.out)
(./main.out)
\@outlinefile=\write3
\openout3 = `main.out'.


(/apps/spack/0.21/cardinal/linux-rhel9-sapphirerapids/texlive/gcc/11.3.1/2024-n
eqlvvq/texmf-dist/tex/latex/translations/translations-basic-dictionary-english.
trsl
File: translations-basic-dictionary-english.trsl (english translation file `tra
nslations-basic-dictionary')
)
Package translations Info: loading dictionary `translations-basic-dictionary' f
or `english'. on input line 23.
LaTeX Font Info:    Trying to load font information for U+msa on input line 25.


(/apps/spack/0.21/cardinal/linux-rhel9-sapphirerapids/texlive/gcc/11.3.1/2024-n
eqlvvq/texmf-dist/tex/latex/amsfonts/umsa.fd
File: umsa.fd 2013/01/14 v3.01 AMS symbols A
)
LaTeX Font Info:    Trying to load font information for U+msb on input line 25.


(/apps/spack/0.21/cardinal/linux-rhel9-sapphirerapids/texlive/gcc/11.3.1/2024-n
eqlvvq/texmf-dist/tex/latex/amsfonts/umsb.fd
File: umsb.fd 2013/01/14 v3.01 AMS symbols B
) [1

{/apps/spack/0.21/cardinal/linux-rhel9-sapphirerapids/texlive/gcc/11.3.1/2024-n
eqlvvq/texmf-var/fonts/map/pdftex/updmap/pdftex.map}{/apps/spack/0.21/cardinal/
linux-rhel9-sapphirerapids/texlive/gcc/11.3.1/2024-neqlvvq/texmf-dist/fonts/enc
/dvips/cm-super/cm-super-t1.enc}] (./main.toc
pdfTeX warning (ext4): destination with the same identifier (name{page.1}) has 
been already used, duplicate ignored
<to be read again> 
                   \relax 
l.41 ...{4.6}What iter-5 settles}{20}{section.4.6}
                                                  % [1

] [2] [3])
\tf@toc=\write4
\openout4 = `main.toc'.

 [4]
LaTeX Font Info:    Trying to load font information for T1+cmtt on input line 3
4.

(/apps/spack/0.21/cardinal/linux-rhel9-sapphirerapids/texlive/gcc/11.3.1/2024-n
eqlvvq/texmf-dist/tex/latex/base/t1cmtt.fd
File: t1cmtt.fd 2023/04/13 v2.5m Standard LaTeX font definitions
)
LaTeX Font Info:    Font shape `T1/cmtt/bx/n' in size <14.4> not available
(Font)              Font shape `T1/cmtt/m/n' tried instead on input line 34.
LaTeX Font Info:    Font shape `T1/cmtt/bx/n' in size <10> not available
(Font)              Font shape `T1/cmtt/m/n' tried instead on input line 34.

Overfull \hbox (88.35844pt too wide) in paragraph at lines 38--41
[]\T1/cmtt/m/n/10 Eval-1 \T1/cmr/m/n/10.95 ...\T1/cmtt/m/n/10 Eval-100 \T1/cmr/
m/n/10.95 --- 100 main tri-als. \T1/cmtt/m/n/10 Eval-K \T1/cmr/m/n/10.95 cor-re
-sponds to the \T1/cmtt/m/n/10 Trial-K \T1/cmr/m/n/10.95 row of \T1/cmtt/m/n/10
 audio_stimuli_data/trials.csv\T1/cmr/m/n/10.95 . 
 []

[5


{/apps/spack/0.21/cardinal/linux-rhel9-sapphirerapids/texlive/gcc/11.3.1/2024-n
eqlvvq/texmf-dist/fonts/enc/dvips/cm-super/cm-super-ts1.enc}] [6]
\openout2 = `01_pipeline.aux'.


(./01_pipeline.tex
Chapter 1.

Overfull \hbox (21.74744pt too wide) in paragraph at lines 35--37
[]\T1/cmr/bx/n/10.95 EEG\T1/cmr/m/n/10.95 : in-ter-nal \T1/cmtt/m/n/10 eeg_ts \
T1/cmr/m/n/10.95 is mapped to wall-clock unix time via \T1/cmtt/m/n/10 first_sa
mple_time \T1/cmr/m/n/10.95 in \T1/cmtt/m/n/10 eeg_time_data.p\T1/cmr/m/n/10.95
 . 
 []

[7


]) [8]
\openout2 = `02_results.aux'.

 (./02_results.tex
Chapter 2.

LaTeX Warning: Command \textdegree invalid in math mode on input line 7.


LaTeX Warning: Command \textdegree invalid in math mode on input line 7.

Missing character: There is no ° in font cmr10!

LaTeX Warning: Command \textdegree invalid in math mode on input line 8.


LaTeX Warning: Command \textdegree invalid in math mode on input line 8.

Missing character: There is no ° in font cmr10!

LaTeX Warning: Command \textdegree invalid in math mode on input line 8.


LaTeX Warning: Command \textdegree invalid in math mode on input line 8.

Missing character: There is no ° in font cmr10!

LaTeX Warning: Command \textdegree invalid in math mode on input line 8.


LaTeX Warning: Command \textdegree invalid in math mode on input line 8.

Missing character: There is no ° in font cmr10!

Package hyperref Warning: Token not allowed in a PDF string (Unicode):
(hyperref)                removing `math shift' on input line 35.


Package hyperref Warning: Token not allowed in a PDF string (Unicode):
(hyperref)                removing `math shift' on input line 35.

[9




]

Package hyperref Warning: Token not allowed in a PDF string (Unicode):
(hyperref)                removing `\leavevmode@ifvmode' on input line 109.


Package hyperref Warning: Token not allowed in a PDF string (Unicode):
(hyperref)                \kern 1.81503pt
(hyperref)                removed on input line 109.


Package hyperref Warning: Token not allowed in a PDF string (Unicode):
(hyperref)                removing `math shift' on input line 109.


Package hyperref Warning: Token not allowed in a PDF string (Unicode):
(hyperref)                removing `math shift' on input line 109.

[10] [11]) [12]
\openout2 = `04_iter4_results.aux'.

 (./04_iter4_results.tex
Chapter 3.

Package hyperref Warning: Token not allowed in a PDF string (Unicode):
(hyperref)                removing `math shift' on input line 80.


Package hyperref Warning: Token not allowed in a PDF string (Unicode):
(hyperref)                removing `\leftrightarrow' on input line 80.


Package hyperref Warning: Token not allowed in a PDF string (Unicode):
(hyperref)                removing `math shift' on input line 80.


Package hyperref Warning: Token not allowed in a PDF string (Unicode):
(hyperref)                removing `math shift' on input line 83.


Package hyperref Warning: Token not allowed in a PDF string (Unicode):
(hyperref)                removing `\rightarrow' on input line 83.


Package hyperref Warning: Token not allowed in a PDF string (Unicode):
(hyperref)                removing `math shift' on input line 83.


Package hyperref Warning: Token not allowed in a PDF string (Unicode):
(hyperref)                removing `math shift' on input line 83.


Package hyperref Warning: Token not allowed in a PDF string (Unicode):
(hyperref)                removing `math shift' on input line 83.

[13




]

Package hyperref Warning: Token not allowed in a PDF string (Unicode):
(hyperref)                removing `math shift' on input line 104.


Package hyperref Warning: Token not allowed in a PDF string (Unicode):
(hyperref)                removing `\leftrightarrow' on input line 104.


Package hyperref Warning: Token not allowed in a PDF string (Unicode):
(hyperref)                removing `math shift' on input line 104.


Package hyperref Warning: Token not allowed in a PDF string (Unicode):
(hyperref)                removing `math shift' on input line 122.


Package hyperref Warning: Token not allowed in a PDF string (Unicode):
(hyperref)                removing `\rightarrow' on input line 122.


Package hyperref Warning: Token not allowed in a PDF string (Unicode):
(hyperref)                removing `math shift' on input line 122.

[14] [15]) [16]
\openout2 = `05_iter5_spectral.aux'.

 (./05_iter5_spectral.tex
Chapter 4.

LaTeX Warning: Command \textdegree invalid in math mode on input line 17.


LaTeX Warning: Command \textdegree invalid in math mode on input line 17.


LaTeX Warning: Command \textdegree invalid in math mode on input line 17.


LaTeX Warning: Command \textdegree invalid in math mode on input line 17.

Missing character: There is no ° in font cmr10!
Missing character: There is no ° in font cmr10!

LaTeX Warning: Command \textdegree invalid in math mode on input line 17.


LaTeX Warning: Command \textdegree invalid in math mode on input line 17.


LaTeX Warning: Command \textdegree invalid in math mode on input line 18.


LaTeX Warning: Command \textdegree invalid in math mode on input line 18.

Missing character: There is no ° in font cmr10!
Missing character: There is no ° in font cmr10!

LaTeX Warning: Command \textdegree invalid in math mode on input line 21.


LaTeX Warning: Command \textdegree invalid in math mode on input line 21.

Missing character: There is no ° in font cmr10!

LaTeX Warning: Command \textdegree invalid in math mode on input line 22.


LaTeX Warning: Command \textdegree invalid in math mode on input line 22.

Missing character: There is no ° in font cmr10!
LaTeX Font Info:    Font shape `T1/cmtt/bx/n' in size <10.95> not available
(Font)              Font shape `T1/cmtt/m/n' tried instead on input line 84.
[17




]
Overfull \hbox (13.25899pt too wide) in paragraph at lines 119--135
 [][] 
 []

[18] [19] [20]) [21]
\openout2 = `06_iter6_controls.aux'.

 (./06_iter6_controls.tex
Chapter 5.
[22




] [23] [24]) [25]
\openout2 = `07_iter7_decodes_what.aux'.

 (./07_iter7_decodes_what.tex
Chapter 6.
[26




] [27] [28]) [29]
\openout2 = `08_iter8_artefact_subtraction.aux'.

 (./08_iter8_artefact_subtraction.tex
Chapter 7.

Package hyperref Warning: Token not allowed in a PDF string (Unicode):
(hyperref)                removing `\leavevmode@ifvmode' on input line 46.


Package hyperref Warning: Token not allowed in a PDF string (Unicode):
(hyperref)                \kern 1.81503pt
(hyperref)                removed on input line 46.

[30




]
Overfull \hbox (69.67659pt too wide) in paragraph at lines 101--109
 [] 
 []

[31]

Package hyperref Warning: Token not allowed in a PDF string (Unicode):
(hyperref)                removing `math shift' on input line 157.


Package hyperref Warning: Token not allowed in a PDF string (Unicode):
(hyperref)                removing `\Delta' on input line 157.


Package hyperref Warning: Token not allowed in a PDF string (Unicode):
(hyperref)                removing `math shift' on input line 157.


Package hyperref Warning: Token not allowed in a PDF string (Unicode):
(hyperref)                removing `math shift' on input line 157.


Package hyperref Warning: Token not allowed in a PDF string (Unicode):
(hyperref)                removing `math shift' on input line 157.


Overfull \hbox (2.68391pt too wide) in paragraph at lines 196--200
[]\T1/cmr/m/n/10.95 Repeat this anal-y-sis with \T1/cmr/m/it/10.95 par-tial \T1
/cmr/m/n/10.95 resid-u-al-i-sa-tion ($[][] \OT1/cmr/m/n/10.95 = \OML/cmm/m/it/1
0.95 X \OMS/cmsy/m/n/10.95 ^^@ \OML/cmm/m/it/10.95 M\OT1/cmr/m/n/10.95 (\OML/c
mm/m/it/10.95 Z\OT1/cmr/m/n/10.95 )$ \T1/cmr/m/n/10.95 for $\OML/cmm/m/it/10.95
  \OMS/cmsy/m/n/10.95 2 f\OT1/cmr/m/n/10.95 0\OML/cmm/m/it/10.95 ; \OT1/cmr/m/
n/10.95 0\OML/cmm/m/it/10.95 :\OT1/cmr/m/n/10.95 25\OML/cmm/m/it/10.95 ; \OT1/c
mr/m/n/10.95 0\OML/cmm/m/it/10.95 :\OT1/cmr/m/n/10.95 5\OML/cmm/m/it/10.95 ; \O
T1/cmr/m/n/10.95 0\OML/cmm/m/it/10.95 :\OT1/cmr/m/n/10.95 75\OML/cmm/m/it/10.95
 ; \OT1/cmr/m/n/10.95 1\OMS/cmsy/m/n/10.95 g$\T1/cmr/m/n/10.95 )
 []

) [32] [33]
\openout2 = `09_cross_modal_predictability.aux'.

 (./09_cross_modal_predictability.tex
Chapter 8.
[34




]
<../../analysis/figures/08_cca_matrix_s1e6.pdf, id=947, 338.77718pt x 289.4523p
t>
File: ../../analysis/figures/08_cca_matrix_s1e6.pdf Graphic file (type pdf)
<use ../../analysis/figures/08_cca_matrix_s1e6.pdf>
Package pdftex.def Info: ../../analysis/figures/08_cca_matrix_s1e6.pdf  used on
 input line 95.
(pdftex.def)             Requested size: 225.4804pt x 192.65561pt.
<../../analysis/figures/08_mi_matrix_s1e6.pdf, id=948, 338.77718pt x 286.85732p
t>
File: ../../analysis/figures/08_mi_matrix_s1e6.pdf Graphic file (type pdf)
<use ../../analysis/figures/08_mi_matrix_s1e6.pdf>
Package pdftex.def Info: ../../analysis/figures/08_mi_matrix_s1e6.pdf  used on 
input line 97.
(pdftex.def)             Requested size: 225.4804pt x 190.9284pt.
<../../analysis/figures/08_cka_matrix.pdf, id=949, 338.77718pt x 289.4523pt>
File: ../../analysis/figures/08_cka_matrix.pdf Graphic file (type pdf)
<use ../../analysis/figures/08_cka_matrix.pdf>
Package pdftex.def Info: ../../analysis/figures/08_cka_matrix.pdf  used on inpu
t line 106.
(pdftex.def)             Requested size: 234.8775pt x 200.68513pt.
) [35] [36 <../../analysis/figures/08_cca_matrix_s1e6.pdf> <../../analysis/figu
res/08_mi_matrix_s1e6.pdf>] [37 <../../analysis/figures/08_cka_matrix.pdf>]
\openout2 = `10_advanced_neuroscience.aux'.

(./10_advanced_neuroscience.tex
Chapter 9.
<../../analysis/figures/12_fooof_s1.pdf, id=1017, 387.69844pt x 215.38719pt>
File: ../../analysis/figures/12_fooof_s1.pdf Graphic file (type pdf)
<use ../../analysis/figures/12_fooof_s1.pdf>
Package pdftex.def Info: ../../analysis/figures/12_fooof_s1.pdf  used on input 
line 27.
(pdftex.def)             Requested size: 352.31625pt x 195.73314pt.
[38




 <../../analysis/figures/12_fooof_s1.pdf>]

LaTeX Warning: Command \textdegree invalid in math mode on input line 67.


LaTeX Warning: Command \textdegree invalid in math mode on input line 67.

Missing character: There is no ° in font cmr10!
<../../analysis/figures/12_csd_s1.pdf, id=1032, 591.29973pt x 215.38719pt>
File: ../../analysis/figures/12_csd_s1.pdf Graphic file (type pdf)
<use ../../analysis/figures/12_csd_s1.pdf>
Package pdftex.def Info: ../../analysis/figures/12_csd_s1.pdf  used on input li
ne 72.
(pdftex.def)             Requested size: 328.82707pt x 119.78122pt.
<../../analysis/figures/12_cac_s1e6.pdf, id=1033, 567.31952pt x 185.60481pt>
File: ../../analysis/figures/12_cac_s1e6.pdf Graphic file (type pdf)
<use ../../analysis/figures/12_cac_s1e6.pdf>
Package pdftex.def Info: ../../analysis/figures/12_cac_s1e6.pdf  used on input 
line 100.
(pdftex.def)             Requested size: 375.80544pt x 122.94984pt.
[39 <../../analysis/figures/12_csd_s1.pdf>]
<../../analysis/figures/12_isc_cz.pdf, id=1048, 331.6892pt x 215.38719pt>
File: ../../analysis/figures/12_isc_cz.pdf Graphic file (type pdf)
<use ../../analysis/figures/12_isc_cz.pdf>
Package pdftex.def Info: ../../analysis/figures/12_isc_cz.pdf  used on input li
ne 142.
(pdftex.def)             Requested size: 352.31625pt x 228.7793pt.
<../../analysis/figures/12_pac_s1.pdf, id=1050, 319.84808pt x 215.4656pt>
File: ../../analysis/figures/12_pac_s1.pdf Graphic file (type pdf)
<use ../../analysis/figures/12_pac_s1.pdf>
Package pdftex.def Info: ../../analysis/figures/12_pac_s1.pdf  used on input li
ne 159.
(pdftex.def)             Requested size: 281.85587pt x 189.8733pt.
<../../analysis/figures/12_ersp_itc_s1cz.pdf, id=1052, 598.31998pt x 243.21114p
t>
File: ../../analysis/figures/12_ersp_itc_s1cz.pdf Graphic file (type pdf)
<use ../../analysis/figures/12_ersp_itc_s1cz.pdf>
Package pdftex.def Info: ../../analysis/figures/12_ersp_itc_s1cz.pdf  used on i
nput line 175.
(pdftex.def)             Requested size: 422.77664pt x 171.85353pt.
 [40 <../../analysis/figures/12_cac_s1e6.pdf>]
<../../analysis/figures/12_microstates_s1.pdf, id=1082, 567.31952pt x 142.63097
pt>
File: ../../analysis/figures/12_microstates_s1.pdf Graphic file (type pdf)
<use ../../analysis/figures/12_microstates_s1.pdf>
Package pdftex.def Info: ../../analysis/figures/12_microstates_s1.pdf  used on 
input line 191.
(pdftex.def)             Requested size: 399.29463pt x 100.38725pt.
<../../analysis/figures/12_connectivity_s1alpha.pdf, id=1084, 696.48476pt x 209
.77371pt>
File: ../../analysis/figures/12_connectivity_s1alpha.pdf Graphic file (type pdf
)
<use ../../analysis/figures/12_connectivity_s1alpha.pdf>
Package pdftex.def Info: ../../analysis/figures/12_connectivity_s1alpha.pdf  us
ed on input line 206.
(pdftex.def)             Requested size: 281.85587pt x 84.89066pt.
 [41 <../../analysis/figures/12_isc_cz.pdf>]) [42 <../../analysis/figures/12_pa
c_s1.pdf> <../../analysis/figures/12_ersp_itc_s1cz.pdf>] [43 <../../analysis/fi
gures/12_microstates_s1.pdf> <../../analysis/figures/12_connectivity_s1alpha.pd
f>]
\openout2 = `11_scene_video.aux'.

 (./11_scene_video.tex
Chapter 10.

LaTeX Warning: Command \textdegree invalid in math mode on input line 16.


LaTeX Warning: Command \textdegree invalid in math mode on input line 16.


LaTeX Warning: Command \textdegree invalid in math mode on input line 16.


LaTeX Warning: Command \textdegree invalid in math mode on input line 16.


LaTeX Warning: Command \textdegree invalid in math mode on input line 16.


LaTeX Warning: Command \textdegree invalid in math mode on input line 16.

Missing character: There is no ° in font cmr10!
Missing character: There is no ° in font cmr10!
Missing character: There is no ° in font cmr10!
<../../analysis/figures/11_motion_energy.pdf, id=1187, 437.26172pt x 187.56323p
t>
File: ../../analysis/figures/11_motion_energy.pdf Graphic file (type pdf)
<use ../../analysis/figures/11_motion_energy.pdf>
Package pdftex.def Info: ../../analysis/figures/11_motion_energy.pdf  used on i
nput line 42.
(pdftex.def)             Requested size: 352.31625pt x 151.12689pt.
[44




] [45 <../../analysis/figures/11_motion_energy.pdf>]
Overfull \hbox (25.18726pt too wide) in paragraph at lines 142--152
\T1/cmr/m/n/10.95 Recall from Chap-ter [][]6[][] (EEG $\OMS/cmsy/m/n/10.95 !$ \
T1/cmr/m/n/10.95 fea-ture re-gres-sion) that EEG spec-tral fea-tures pre-dict \
T1/cmtt/m/n/10 motion_energy_mean
 []

[46]) [47]
\openout2 = `12_benchmark_leaderboard.aux'.

 (./12_benchmark_leaderboard.tex
Chapter 11.

Overfull \hbox (39.8103pt too wide) in paragraph at lines 13--20
\T1/cmr/m/n/10.95 subject re-sult par-quet cur-rently pro-duced by the pipeline
 and emits \T1/cmtt/m/n/10 results/benchmark_leaderboard.parquet
 []


Overfull \hbox (61.03606pt too wide) in paragraph at lines 26--33
\T1/cmr/m/n/10.95 mel-28 envelope-attendance on all 16 sub-jects from SLURM job
 \T1/cmr/bx/n/10.95 8702986 \T1/cmr/m/n/10.95 (\T1/cmtt/m/n/10 slurm_scripts/aa
d_loso.sbatch\T1/cmr/m/n/10.95 ,
 []

[48




] [49]
Overfull \hbox (8.63367pt too wide) in paragraph at lines 233--235
[]\T1/cmr/bx/n/10.95 Leaderboard long-form\T1/cmr/m/n/10.95 : \T1/cmtt/m/n/10 r
esults/benchmark_leaderboard.parquet \T1/cmr/m/n/10.95 (755 rows, one per (mode
l,
 []

[50]
Overfull \hbox (85.8592pt too wide) in paragraph at lines 240--247
\T1/cmr/m/n/10.95 sub-jects \TS1/cmr/m/n/10.95 Ö \T1/cmr/m/n/10.95 15 train sub
-jects) un-der the \T1/cmtt/m/n/10 PAS2301 \T1/cmr/m/n/10.95 ac-count, out-puts
 to \T1/cmtt/m/n/10 results/loso_cca_mel28/s{1...16}.parquet\T1/cmr/m/n/10.95 ,

 []

) [51] [52]
\openout2 = `13_continuous_aad.aux'.

 (./13_continuous_aad.tex
Chapter 12.

Overfull \hbox (87.10593pt too wide) in paragraph at lines 14--19
 []\T1/cmr/bx/n/10.95 Aggregation script.[] \T1/cmtt/m/n/10 analysis/scripts/ag
gregate_continuous_aad.py \T1/cmr/m/n/10.95 reads \T1/cmtt/m/n/10 results/06_wi
ndow_accuracy.parquet\T1/cmr/m/n/10.95 ,
 []


Overfull \hbox (67.95183pt too wide) in paragraph at lines 14--19
\T1/cmtt/m/n/10 aad_v2_summary.parquet \T1/cmr/m/n/10.95 and \T1/cmtt/m/n/10 aa
d_v4_4class/s*.parquet\T1/cmr/m/n/10.95 , emit-ting \T1/cmtt/m/n/10 results/con
tinuous_aad_window_sweep.parquet
 []

[53




]
Overfull \hbox (15.15875pt too wide) in paragraph at lines 110--118
[]\T1/cmr/m/n/10.95 The ag-gre-ga-tion builds per-subject, per-window, per-tria
l-position rows for win-dows $\OMS/cmsy/m/n/10.95 2 f\OT1/cmr/m/n/10.95 1\OML/c
mm/m/it/10.95 ; \OT1/cmr/m/n/10.95 2\OML/cmm/m/it/10.95 ; \OT1/cmr/m/n/10.95 4\
OML/cmm/m/it/10.95 ; \OT1/cmr/m/n/10.95 8\OML/cmm/m/it/10.95 ; \OT1/cmr/m/n/10.
95 16\OMS/cmsy/m/n/10.95 g$
 []

[54]) [55]
\openout2 = `14_generalisation.aux'.

 (./14_generalisation.tex
Chapter 13.

Overfull \hbox (34.85806pt too wide) in paragraph at lines 18--25
[]\T1/cmr/m/n/10.95 The per-trial pre-dic-tions pro-duced by iter-4's 4-class C
CA de-coder (\T1/cmtt/m/n/10 results/aad_v4_4class/s*.parquet\T1/cmr/m/n/10.95 
)
 []


Overfull \hbox (16.33968pt too wide) in paragraph at lines 27--29
 []\T1/cmr/bx/n/10.95 Aggregation.[] \T1/cmtt/m/n/10 analysis/scripts/aggregate
_generalisation.py \T1/cmr/m/n/10.95 reads per-trial pre-dic-tions and emits: 
 []

[56




]

LaTeX Warning: Command \textdegree invalid in math mode on input line 77.


LaTeX Warning: Command \textdegree invalid in math mode on input line 77.

Missing character: There is no ° in font cmr10!

LaTeX Warning: Command \textdegree invalid in math mode on input line 78.


LaTeX Warning: Command \textdegree invalid in math mode on input line 78.

Missing character: There is no ° in font cmr10!

LaTeX Warning: Command \textdegree invalid in math mode on input line 79.


LaTeX Warning: Command \textdegree invalid in math mode on input line 79.

Missing character: There is no ° in font cmr10!

LaTeX Warning: Command \textdegree invalid in math mode on input line 80.


LaTeX Warning: Command \textdegree invalid in math mode on input line 80.

Missing character: There is no ° in font cmr10!

LaTeX Warning: Command \textdegree invalid in math mode on input line 90.


LaTeX Warning: Command \textdegree invalid in math mode on input line 90.

Missing character: There is no ° in font cmr10!

LaTeX Warning: Command \textdegree invalid in math mode on input line 91.


LaTeX Warning: Command \textdegree invalid in math mode on input line 91.

Missing character: There is no ° in font cmr10!

LaTeX Warning: Command \textdegree invalid in math mode on input line 94.


LaTeX Warning: Command \textdegree invalid in math mode on input line 94.

Missing character: There is no ° in font cmr10!

LaTeX Warning: Command \textdegree invalid in math mode on input line 98.


LaTeX Warning: Command \textdegree invalid in math mode on input line 98.

Missing character: There is no ° in font cmr10!

LaTeX Warning: Command \textdegree invalid in math mode on input line 99.


LaTeX Warning: Command \textdegree invalid in math mode on input line 99.

Missing character: There is no ° in font cmr10!

Package hyperref Warning: Token not allowed in a PDF string (Unicode):
(hyperref)                removing `math shift' on input line 106.


Package hyperref Warning: Token not allowed in a PDF string (Unicode):
(hyperref)                removing `\times' on input line 106.


Package hyperref Warning: Token not allowed in a PDF string (Unicode):
(hyperref)                removing `math shift' on input line 106.

[57]
Overfull \hbox (70.65337pt too wide) in paragraph at lines 165--167
[]\T1/cmtt/m/n/10 generalisation_snr.parquet\T1/cmr/m/n/10.95 , \T1/cmtt/m/n/10
 generalisation_direction.parquet\T1/cmr/m/n/10.95 , \T1/cmtt/m/n/10 generalisa
tion_gaze_resid_snr.parquet\T1/cmr/m/n/10.95 . 
 []

) [58]
\openout2 = `15_individual_differences.aux'.

 (./15_individual_differences.tex
Chapter 14.

Overfull \hbox (71.32466pt too wide) in paragraph at lines 14--16
[]\T1/cmtt/m/n/10 comprehension \T1/cmr/m/n/10.95 --- comprehension-question ac
-cu-racy from the be-havioural task (\T1/cmtt/m/n/10 02_per_subject_acc.parquet
\T1/cmr/m/n/10.95 ). 
 []


Overfull \hbox (46.06801pt too wide) in paragraph at lines 16--19
[]\T1/cmtt/m/n/10 bad_channel_rate \T1/cmr/m/n/10.95 --- co-hort mean \T1/cmtt/
m/n/10 n_bad \T1/cmr/m/n/10.95 (non-mastoid) per main trial (\T1/cmtt/m/n/10 ba
d_channels_manifest.parquet\T1/cmr/m/n/10.95 ). 
 []


Overfull \hbox (102.98224pt too wide) in paragraph at lines 22--24
[]\T1/cmtt/m/n/10 pupil_mean \T1/cmr/m/n/10.95 --- per-subject mean pupil di-am
-e-ter (mm) from the fu-sion gaze fea-tures (\T1/cmtt/m/n/10 fusion_gaze_featur
es.parquet\T1/cmr/m/n/10.95 ). 
 []

[59




] [60] [61]) [62]
\openout2 = `16_deep_stubs.aux'.

 (./16_deep_stubs.tex
Chapter 15.

Overfull \hbox (40.84958pt too wide) in paragraph at lines 6--11
\T1/cmr/m/n/10.95 Three deep mod-els com-plete the method cov-er-age and are im
-ple-mented in \T1/cmtt/m/n/10 analysis/scripts/deep_models.py\T1/cmr/m/n/10.95
 ,
 []

[63




]

Package hyperref Warning: Token not allowed in a PDF string (Unicode):
(hyperref)                removing `math shift' on input line 61.


Package hyperref Warning: Token not allowed in a PDF string (Unicode):
(hyperref)                removing `\times' on input line 61.


Package hyperref Warning: Token not allowed in a PDF string (Unicode):
(hyperref)                removing `math shift' on input line 61.

)
Overfull \hbox (13.39368pt too wide) in paragraph at lines 102--111
\T1/cmr/m/n/10.95 Each deep model writes its per-subject par-quet into \T1/cmtt
/m/n/10 results/deep/{cnn_recon,probe,xmod}/s*.parquet
 []

[64] [65]
\openout2 = `17_behaviour_decoding.aux'.

 (./17_behaviour_decoding.tex
Chapter 16.

Package hyperref Warning: Token not allowed in a PDF string (Unicode):
(hyperref)                removing `math shift' on input line 1.


Package hyperref Warning: Token not allowed in a PDF string (Unicode):
(hyperref)                removing `\times' on input line 1.


Package hyperref Warning: Token not allowed in a PDF string (Unicode):
(hyperref)                removing `math shift' on input line 1.


Overfull \hbox (18.69197pt too wide) in paragraph at lines 18--21
 []\T1/cmr/bx/n/10.95 Method.[] \T1/cmtt/m/n/10 analysis/scripts/aggregate_beha
viour_decoding.py \T1/cmr/m/n/10.95 joins \T1/cmtt/m/n/10 02_behavioral_records
.parquet
 []


Overfull \hbox (136.834pt too wide) in paragraph at lines 22--26
[]\T1/cmr/bx/n/10.95 Backward-TRF fam-ily \T1/cmr/m/n/10.95 --- broad-band, mel
-28, CCA mel-28, split $\OML/cmm/m/it/10.95 ^^N \OT1/cmr/m/n/10.95 + \OML/cmm/m
/it/10.95 ^^R$\T1/cmr/m/n/10.95 , all from \T1/cmtt/m/n/10 results/aad_v3/s*_*_
derivative.parquet
 []


Overfull \hbox (3.98114pt too wide) in paragraph at lines 28--31
[]\T1/cmr/bx/n/10.95 CCA 4-class \T1/cmr/m/n/10.95 --- hemi-sphere / inner-oute
r / 4-class cor-rect-ness from \T1/cmtt/m/n/10 aad_v4_4class/s*.parquet
 []

[66




] [67] [68] [69]) [70]
\openout2 = `03_next_steps.aux'.

 (./03_next_steps.tex
Chapter 17.

Overfull \hbox (8.0959pt too wide) in paragraph at lines 19--22
[]\T1/cmr/bx/n/10.95 Learning curves\T1/cmr/m/n/10.95 . Per-subject AAD ac-cu-r
acy vs. num-ber of train-ing tri-als $\OMS/cmsy/m/n/10.95 2 f\OT1/cmr/m/n/10.95
 5\OML/cmm/m/it/10.95 ; \OT1/cmr/m/n/10.95 10\OML/cmm/m/it/10.95 ; \OT1/cmr/m/n
/10.95 20\OML/cmm/m/it/10.95 ; \OT1/cmr/m/n/10.95 50\OML/cmm/m/it/10.95 ; \OT1/
cmr/m/n/10.95 100\OMS/cmsy/m/n/10.95 g$\T1/cmr/m/n/10.95 ,
 []

[71




]) [72] (./main.aux (./01_pipeline.aux) (./02_results.aux)
(./04_iter4_results.aux) (./05_iter5_spectral.aux) (./06_iter6_controls.aux)
(./07_iter7_decodes_what.aux) (./08_iter8_artefact_subtraction.aux)
(./09_cross_modal_predictability.aux) (./10_advanced_neuroscience.aux)
(./11_scene_video.aux) (./12_benchmark_leaderboard.aux)
(./13_continuous_aad.aux) (./14_generalisation.aux)
(./15_individual_differences.aux) (./16_deep_stubs.aux)
(./17_behaviour_decoding.aux) (./03_next_steps.aux))
 ***********
LaTeX2e <2023-11-01> patch level 1
L3 programming layer <2024-03-14>
 ***********
Package rerunfilecheck Info: File `main.out' has not changed.
(rerunfilecheck)             Checksum: 54DFF3A631424898B17E51CBB80A2266;29138.
 ) 
Here is how much of TeX's memory you used:
 15924 strings out of 474104
 320532 string characters out of 5712790
 1951493 words of memory out of 5000000
 37615 multiletter control sequences out of 15000+600000
 590839 words of font info for 129 fonts, out of 8000000 for 9000
 1141 hyphenation exceptions out of 8191
 75i,14n,79p,545b,1021s stack positions out of 10000i,1000n,20000p,200000b,200000s
</apps/spack/0.21/cardinal/linux-rhel9-sapphirerapids/texlive/gcc/11.3.1/2024
-neqlvvq/texmf-dist/fonts/type1/public/amsfonts/cm/cmbx10.pfb></apps/spack/0.21
/cardinal/linux-rhel9-sapphirerapids/texlive/gcc/11.3.1/2024-neqlvvq/texmf-dist
/fonts/type1/public/amsfonts/cm/cmmi10.pfb></apps/spack/0.21/cardinal/linux-rhe
l9-sapphirerapids/texlive/gcc/11.3.1/2024-neqlvvq/texmf-dist/fonts/type1/public
/amsfonts/cm/cmmi12.pfb></apps/spack/0.21/cardinal/linux-rhel9-sapphirerapids/t
exlive/gcc/11.3.1/2024-neqlvvq/texmf-dist/fonts/type1/public/amsfonts/cm/cmmi8.
pfb></apps/spack/0.21/cardinal/linux-rhel9-sapphirerapids/texlive/gcc/11.3.1/20
24-neqlvvq/texmf-dist/fonts/type1/public/amsfonts/cm/cmmib10.pfb></apps/spack/0
.21/cardinal/linux-rhel9-sapphirerapids/texlive/gcc/11.3.1/2024-neqlvvq/texmf-d
ist/fonts/type1/public/amsfonts/cm/cmr10.pfb></apps/spack/0.21/cardinal/linux-r
hel9-sapphirerapids/texlive/gcc/11.3.1/2024-neqlvvq/texmf-dist/fonts/type1/publ
ic/amsfonts/cm/cmr12.pfb></apps/spack/0.21/cardinal/linux-rhel9-sapphirerapids/
texlive/gcc/11.3.1/2024-neqlvvq/texmf-dist/fonts/type1/public/amsfonts/cm/cmr8.
pfb></apps/spack/0.21/cardinal/linux-rhel9-sapphirerapids/texlive/gcc/11.3.1/20
24-neqlvvq/texmf-dist/fonts/type1/public/amsfonts/cm/cmsy10.pfb></apps/spack/0.
21/cardinal/linux-rhel9-sapphirerapids/texlive/gcc/11.3.1/2024-neqlvvq/texmf-di
st/fonts/type1/public/amsfonts/cm/cmsy8.pfb></apps/spack/0.21/cardinal/linux-rh
el9-sapphirerapids/texlive/gcc/11.3.1/2024-neqlvvq/texmf-dist/fonts/type1/publi
c/amsfonts/symbols/msbm10.pfb></apps/spack/0.21/cardinal/linux-rhel9-sapphirera
pids/texlive/gcc/11.3.1/2024-neqlvvq/texmf-dist/fonts/type1/public/cm-super/sfb
i1095.pfb></apps/spack/0.21/cardinal/linux-rhel9-sapphirerapids/texlive/gcc/11.
3.1/2024-neqlvvq/texmf-dist/fonts/type1/public/cm-super/sfbx1095.pfb></apps/spa
ck/0.21/cardinal/linux-rhel9-sapphirerapids/texlive/gcc/11.3.1/2024-neqlvvq/tex
mf-dist/fonts/type1/public/cm-super/sfbx1200.pfb></apps/spack/0.21/cardinal/lin
ux-rhel9-sapphirerapids/texlive/gcc/11.3.1/2024-neqlvvq/texmf-dist/fonts/type1/
public/cm-super/sfbx1440.pfb></apps/spack/0.21/cardinal/linux-rhel9-sapphirerap
ids/texlive/gcc/11.3.1/2024-neqlvvq/texmf-dist/fonts/type1/public/cm-super/sfbx
2074.pfb></apps/spack/0.21/cardinal/linux-rhel9-sapphirerapids/texlive/gcc/11.3
.1/2024-neqlvvq/texmf-dist/fonts/type1/public/cm-super/sfbx2488.pfb></apps/spac
k/0.21/cardinal/linux-rhel9-sapphirerapids/texlive/gcc/11.3.1/2024-neqlvvq/texm
f-dist/fonts/type1/public/cm-super/sfrm0800.pfb></apps/spack/0.21/cardinal/linu
x-rhel9-sapphirerapids/texlive/gcc/11.3.1/2024-neqlvvq/texmf-dist/fonts/type1/p
ublic/cm-super/sfrm1000.pfb></apps/spack/0.21/cardinal/linux-rhel9-sapphirerapi
ds/texlive/gcc/11.3.1/2024-neqlvvq/texmf-dist/fonts/type1/public/cm-super/sfrm1
095.pfb></apps/spack/0.21/cardinal/linux-rhel9-sapphirerapids/texlive/gcc/11.3.
1/2024-neqlvvq/texmf-dist/fonts/type1/public/cm-super/sfrm1200.pfb></apps/spack
/0.21/cardinal/linux-rhel9-sapphirerapids/texlive/gcc/11.3.1/2024-neqlvvq/texmf
-dist/fonts/type1/public/cm-super/sfrm1728.pfb></apps/spack/0.21/cardinal/linux
-rhel9-sapphirerapids/texlive/gcc/11.3.1/2024-neqlvvq/texmf-dist/fonts/type1/pu
blic/cm-super/sfti1095.pfb></apps/spack/0.21/cardinal/linux-rhel9-sapphirerapid
s/texlive/gcc/11.3.1/2024-neqlvvq/texmf-dist/fonts/type1/public/cm-super/sftt10
00.pfb></apps/spack/0.21/cardinal/linux-rhel9-sapphirerapids/texlive/gcc/11.3.1
/2024-neqlvvq/texmf-dist/fonts/type1/public/cm-super/sftt1095.pfb>
Output written on main.pdf (73 pages, 2069035 bytes).
PDF statistics:
 1608 PDF objects out of 1728 (max. 8388607)
 1381 compressed objects within 14 object streams
 371 named destinations out of 1000 (max. 500000)
 1141 words of extra memory for PDF output out of 10000 (max. 10000000)

