TEST=15  TRAIN=[1, 2, 3, 4, 5, 6, 7, 8, 9, 10, 11, 12, 13, 14, 16]
  [train S1] 100/100  Xs=96100
  [train S2] 100/100  Xs=192200
  [train S3] 100/100  Xs=288300
  [train S4] 100/100  Xs=384400
  [train S5] 100/100  Xs=480500
  [train S6] 100/100  Xs=576600
  [train S7] 100/100  Xs=672700
  [train S8] 100/100  Xs=768800
  [train S9] 100/100  Xs=864900
  [train S10] 100/100  Xs=961000
  [train S11] 100/100  Xs=1057100
  [train S12] 100/100  Xs=1153200
  [train S13] 100/100  Xs=1249300
  [train S14] 100/100  Xs=1345400
  [train S16] 100/100  Xs=1441500
  !! S15 T26 skipped: Ran out of input
  [test S15] 99/100
  loaded in 648s
  fitting CCA  X=(1441500, 480)  Y=(1441500, 28)  n_comp=5
  wrote results/loso_cca_mel28/s15.parquet (99 rows)  acc=0.485
  total 1111s
