[S4/raw] done in 56s
 subject        task condition  chance  acc
       4  hemisphere       raw    0.50 0.88
       4 inner_outer       raw    0.50 0.91
       4      4class       raw    0.25 0.81
[S4/ica_eog] done in 184s
 subject        task condition  chance  acc
       4  hemisphere   ica_eog    0.50 0.85
       4 inner_outer   ica_eog    0.50 0.89
       4      4class   ica_eog    0.25 0.80
[S4/regress_gaze] done in 44s
 subject        task    condition  chance  acc
       4  hemisphere regress_gaze    0.50 0.85
       4 inner_outer regress_gaze    0.50 0.88
       4      4class regress_gaze    0.25 0.79
[S4/regress_gaze_imu] done in 58s
 subject        task        condition  chance  acc
       4  hemisphere regress_gaze_imu    0.50 0.88
       4 inner_outer regress_gaze_imu    0.50 0.87
       4      4class regress_gaze_imu    0.25 0.75
[S4/drop_eog_emg] done in 42s
 subject        task    condition  chance  acc
       4  hemisphere drop_eog_emg    0.50 0.76
       4 inner_outer drop_eog_emg    0.50 0.88
       4      4class drop_eog_emg    0.25 0.78
