[S7/raw] done in 57s
 subject        task condition  chance  acc
       7  hemisphere       raw    0.50 0.89
       7 inner_outer       raw    0.50 0.73
       7      4class       raw    0.25 0.62
[S7/ica_eog] done in 195s
 subject        task condition  chance  acc
       7  hemisphere   ica_eog    0.50 0.88
       7 inner_outer   ica_eog    0.50 0.66
       7      4class   ica_eog    0.25 0.58
[S7/regress_gaze] done in 45s
 subject        task    condition  chance  acc
       7  hemisphere regress_gaze    0.50 0.86
       7 inner_outer regress_gaze    0.50 0.62
       7      4class regress_gaze    0.25 0.56
[S7/regress_gaze_imu] done in 42s
 subject        task        condition  chance  acc
       7  hemisphere regress_gaze_imu    0.50 0.86
       7 inner_outer regress_gaze_imu    0.50 0.64
       7      4class regress_gaze_imu    0.25 0.55
[S7/drop_eog_emg] done in 42s
 subject        task    condition  chance  acc
       7  hemisphere drop_eog_emg    0.50 0.86
       7 inner_outer drop_eog_emg    0.50 0.66
       7      4class drop_eog_emg    0.25 0.56
