[S6/raw] done in 57s
 subject        task condition  chance  acc
       6  hemisphere       raw    0.50 0.73
       6 inner_outer       raw    0.50 0.58
       6      4class       raw    0.25 0.42
[S6/ica_eog] done in 162s
 subject        task condition  chance  acc
       6  hemisphere   ica_eog    0.50 0.69
       6 inner_outer   ica_eog    0.50 0.64
       6      4class   ica_eog    0.25 0.38
[S6/regress_gaze] done in 46s
 subject        task    condition  chance  acc
       6  hemisphere regress_gaze    0.50 0.71
       6 inner_outer regress_gaze    0.50 0.55
       6      4class regress_gaze    0.25 0.40
[S6/regress_gaze_imu] done in 42s
 subject        task        condition  chance  acc
       6  hemisphere regress_gaze_imu    0.50 0.75
       6 inner_outer regress_gaze_imu    0.50 0.52
       6      4class regress_gaze_imu    0.25 0.41
[S6/drop_eog_emg] done in 42s
 subject        task    condition  chance  acc
       6  hemisphere drop_eog_emg    0.50 0.71
       6 inner_outer drop_eog_emg    0.50 0.59
       6      4class drop_eog_emg    0.25 0.37
