[S1/raw] done in 65s
 subject        task condition  chance  acc
       1  hemisphere       raw    0.50 0.48
       1 inner_outer       raw    0.50 0.64
       1      4class       raw    0.25 0.28
[S1/ica_eog] done in 220s
 subject        task condition  chance  acc
       1  hemisphere   ica_eog    0.50 0.46
       1 inner_outer   ica_eog    0.50 0.62
       1      4class   ica_eog    0.25 0.26
[S1/regress_gaze] done in 58s
 subject        task    condition  chance  acc
       1  hemisphere regress_gaze    0.50 0.49
       1 inner_outer regress_gaze    0.50 0.61
       1      4class regress_gaze    0.25 0.27
[S1/regress_gaze_imu] done in 51s
 subject        task        condition  chance  acc
       1  hemisphere regress_gaze_imu    0.50 0.56
       1 inner_outer regress_gaze_imu    0.50 0.56
       1      4class regress_gaze_imu    0.25 0.29
[S1/drop_eog_emg] done in 53s
 subject        task    condition  chance  acc
       1  hemisphere drop_eog_emg    0.50 0.50
       1 inner_outer drop_eog_emg    0.50 0.63
       1      4class drop_eog_emg    0.25 0.27
