[S11/raw] done in 55s
 subject        task condition  chance  acc
      11  hemisphere       raw    0.50 0.43
      11 inner_outer       raw    0.50 0.51
      11      4class       raw    0.25 0.20
[S11/ica_eog] done in 436s
 subject        task condition  chance  acc
      11  hemisphere   ica_eog    0.50 0.49
      11 inner_outer   ica_eog    0.50 0.53
      11      4class   ica_eog    0.25 0.31
[S11/regress_gaze] done in 47s
 subject        task    condition  chance  acc
      11  hemisphere regress_gaze    0.50 0.42
      11 inner_outer regress_gaze    0.50 0.53
      11      4class regress_gaze    0.25 0.21
[S11/regress_gaze_imu] done in 42s
 subject        task        condition  chance  acc
      11  hemisphere regress_gaze_imu    0.50 0.44
      11 inner_outer regress_gaze_imu    0.50 0.44
      11      4class regress_gaze_imu    0.25 0.25
[S11/drop_eog_emg] done in 41s
 subject        task    condition  chance  acc
      11  hemisphere drop_eog_emg    0.50 0.35
      11 inner_outer drop_eog_emg    0.50 0.50
      11      4class drop_eog_emg    0.25 0.20
