[S9/raw] done in 55s
 subject        task condition  chance  acc
       9  hemisphere       raw    0.50 0.60
       9 inner_outer       raw    0.50 0.57
       9      4class       raw    0.25 0.24
[S9/ica_eog] done in 92s
 subject        task condition  chance  acc
       9  hemisphere   ica_eog    0.50 0.58
       9 inner_outer   ica_eog    0.50 0.55
       9      4class   ica_eog    0.25 0.25
[S9/regress_gaze] done in 43s
 subject        task    condition  chance  acc
       9  hemisphere regress_gaze    0.50 0.62
       9 inner_outer regress_gaze    0.50 0.54
       9      4class regress_gaze    0.25 0.24
[S9/regress_gaze_imu] done in 43s
 subject        task        condition  chance  acc
       9  hemisphere regress_gaze_imu    0.50 0.60
       9 inner_outer regress_gaze_imu    0.50 0.52
       9      4class regress_gaze_imu    0.25 0.21
[S9/drop_eog_emg] done in 42s
 subject        task    condition  chance  acc
       9  hemisphere drop_eog_emg    0.50 0.57
       9 inner_outer drop_eog_emg    0.50 0.49
       9      4class drop_eog_emg    0.25 0.22
