[S8/raw] done in 53s
 subject        task condition  chance  acc
       8  hemisphere       raw    0.50 0.62
       8 inner_outer       raw    0.50 0.54
       8      4class       raw    0.25 0.31
[S8/ica_eog] done in 211s
 subject        task condition  chance  acc
       8  hemisphere   ica_eog    0.50 0.57
       8 inner_outer   ica_eog    0.50 0.54
       8      4class   ica_eog    0.25 0.30
[S8/regress_gaze] done in 45s
 subject        task    condition  chance  acc
       8  hemisphere regress_gaze    0.50 0.53
       8 inner_outer regress_gaze    0.50 0.59
       8      4class regress_gaze    0.25 0.28
[S8/regress_gaze_imu] done in 43s
 subject        task        condition  chance  acc
       8  hemisphere regress_gaze_imu    0.50 0.55
       8 inner_outer regress_gaze_imu    0.50 0.59
       8      4class regress_gaze_imu    0.25 0.28
[S8/drop_eog_emg] done in 46s
 subject        task    condition  chance  acc
       8  hemisphere drop_eog_emg    0.50 0.62
       8 inner_outer drop_eog_emg    0.50 0.57
       8      4class drop_eog_emg    0.25 0.29
