[S16/raw] done in 56s
 subject        task condition  chance  acc
      16  hemisphere       raw    0.50 0.72
      16 inner_outer       raw    0.50 0.59
      16      4class       raw    0.25 0.34
[S16/ica_eog] done in 168s
 subject        task condition  chance  acc
      16  hemisphere   ica_eog    0.50 0.65
      16 inner_outer   ica_eog    0.50 0.56
      16      4class   ica_eog    0.25 0.30
[S16/regress_gaze] done in 44s
 subject        task    condition  chance  acc
      16  hemisphere regress_gaze    0.50 0.70
      16 inner_outer regress_gaze    0.50 0.61
      16      4class regress_gaze    0.25 0.32
[S16/regress_gaze_imu] done in 42s
 subject        task        condition  chance  acc
      16  hemisphere regress_gaze_imu    0.50 0.73
      16 inner_outer regress_gaze_imu    0.50 0.58
      16      4class regress_gaze_imu    0.25 0.37
[S16/drop_eog_emg] done in 41s
 subject        task    condition  chance  acc
      16  hemisphere drop_eog_emg    0.50 0.68
      16 inner_outer drop_eog_emg    0.50 0.62
      16      4class drop_eog_emg    0.25 0.32
