[S3/raw] done in 56s
 subject        task condition  chance  acc
       3  hemisphere       raw    0.50 0.94
       3 inner_outer       raw    0.50 0.60
       3      4class       raw    0.25 0.52
[S3/ica_eog] done in 135s
 subject        task condition  chance  acc
       3  hemisphere   ica_eog    0.50 0.93
       3 inner_outer   ica_eog    0.50 0.63
       3      4class   ica_eog    0.25 0.54
[S3/regress_gaze] done in 45s
 subject        task    condition  chance  acc
       3  hemisphere regress_gaze    0.50 0.93
       3 inner_outer regress_gaze    0.50 0.59
       3      4class regress_gaze    0.25 0.57
[S3/regress_gaze_imu] done in 43s
 subject        task        condition  chance  acc
       3  hemisphere regress_gaze_imu    0.50 0.92
       3 inner_outer regress_gaze_imu    0.50 0.65
       3      4class regress_gaze_imu    0.25 0.53
[S3/drop_eog_emg] done in 41s
 subject        task    condition  chance  acc
       3  hemisphere drop_eog_emg    0.50 0.85
       3 inner_outer drop_eog_emg    0.50 0.52
       3      4class drop_eog_emg    0.25 0.49
