[S2/raw] done in 62s
 subject        task condition  chance  acc
       2  hemisphere       raw    0.50 0.90
       2 inner_outer       raw    0.50 0.85
       2      4class       raw    0.25 0.75
[S2/ica_eog] done in 275s
 subject        task condition  chance  acc
       2  hemisphere   ica_eog    0.50 0.87
       2 inner_outer   ica_eog    0.50 0.84
       2      4class   ica_eog    0.25 0.70
[S2/regress_gaze] done in 52s
 subject        task    condition  chance  acc
       2  hemisphere regress_gaze    0.50 0.89
       2 inner_outer regress_gaze    0.50 0.86
       2      4class regress_gaze    0.25 0.74
[S2/regress_gaze_imu] done in 55s
 subject        task        condition  chance  acc
       2  hemisphere regress_gaze_imu    0.50 0.90
       2 inner_outer regress_gaze_imu    0.50 0.85
       2      4class regress_gaze_imu    0.25 0.77
[S2/drop_eog_emg] done in 46s
 subject        task    condition  chance  acc
       2  hemisphere drop_eog_emg    0.50 0.84
       2 inner_outer drop_eog_emg    0.50 0.86
       2      4class drop_eog_emg    0.25 0.72
