[S10/raw] done in 54s
 subject        task condition  chance  acc
      10  hemisphere       raw    0.50 0.66
      10 inner_outer       raw    0.50 0.61
      10      4class       raw    0.25 0.45
[S10/ica_eog] done in 127s
 subject        task condition  chance  acc
      10  hemisphere   ica_eog    0.50 0.65
      10 inner_outer   ica_eog    0.50 0.67
      10      4class   ica_eog    0.25 0.39
[S10/regress_gaze] done in 44s
 subject        task    condition  chance  acc
      10  hemisphere regress_gaze    0.50 0.68
      10 inner_outer regress_gaze    0.50 0.62
      10      4class regress_gaze    0.25 0.43
[S10/regress_gaze_imu] done in 43s
 subject        task        condition  chance  acc
      10  hemisphere regress_gaze_imu    0.50 0.69
      10 inner_outer regress_gaze_imu    0.50 0.64
      10      4class regress_gaze_imu    0.25 0.40
[S10/drop_eog_emg] done in 41s
 subject        task    condition  chance  acc
      10  hemisphere drop_eog_emg    0.50 0.69
      10 inner_outer drop_eog_emg    0.50 0.56
      10      4class drop_eog_emg    0.25 0.48
