\BOOKMARK [1][-]{section.1}{\376\377\000I\000n\000t\000r\000o\000d\000u\000c\000t\000i\000o\000n}{}% 1
\BOOKMARK [1][-]{section.2}{\376\377\000R\000e\000l\000a\000t\000e\000d\000\040\000A\000A\000D\000\040\000d\000a\000t\000a\000s\000e\000t\000s}{}% 2
\BOOKMARK [1][-]{section.3}{\376\377\000D\000a\000t\000a\000s\000e\000t}{}% 3
\BOOKMARK [2][-]{subsection.3.1}{\376\377\000P\000a\000r\000t\000i\000c\000i\000p\000a\000n\000t\000s\000\040\000a\000n\000d\000\040\000p\000a\000r\000a\000d\000i\000g\000m}{section.3}% 4
\BOOKMARK [2][-]{subsection.3.2}{\376\377\000R\000e\000c\000o\000r\000d\000i\000n\000g\000\040\000h\000a\000r\000d\000w\000a\000r\000e\000\040\000a\000n\000d\000\040\000s\000a\000m\000p\000l\000i\000n\000g\000\040\000r\000a\000t\000e\000s}{section.3}% 5
\BOOKMARK [2][-]{subsection.3.3}{\376\377\000S\000t\000o\000r\000a\000g\000e\000\040\000l\000a\000y\000o\000u\000t\000\040\000a\000n\000d\000\040\000t\000r\000i\000a\000l\000\040\000i\000n\000d\000e\000x\000i\000n\000g}{section.3}% 6
\BOOKMARK [2][-]{subsection.3.4}{\376\377\000C\000r\000o\000s\000s\000-\000m\000o\000d\000a\000l\000\040\000t\000e\000m\000p\000o\000r\000a\000l\000\040\000a\000l\000i\000g\000n\000m\000e\000n\000t}{section.3}% 7
\BOOKMARK [1][-]{section.4}{\376\377\000D\000a\000t\000a\000\040\000q\000u\000a\000l\000i\000t\000y\000\040\000a\000u\000d\000i\000t}{}% 8
\BOOKMARK [1][-]{section.5}{\376\377\000B\000e\000n\000c\000h\000m\000a\000r\000k\000s}{}% 9
\BOOKMARK [2][-]{subsection.5.1}{\376\377\000L\000i\000n\000e\000a\000r\000\040\000T\000R\000F\000\040\000/\000\040\000C\000C\000A\000\040\000b\000a\000s\000e\000l\000i\000n\000e\000s}{section.5}% 10
\BOOKMARK [2][-]{subsection.5.2}{\376\377\000C\000l\000a\000s\000s\000i\000c\000a\000l\000\040\000s\000p\000e\000c\000t\000r\000a\000l\000-\000f\000e\000a\000t\000u\000r\000e\000\040\000E\000E\000G\000\040\000c\000l\000a\000s\000s\000i\000f\000i\000e\000r}{section.5}% 11
\BOOKMARK [2][-]{subsection.5.3}{\376\377\000G\000a\000z\000e\000-\000o\000n\000l\000y\000\040\000a\000n\000d\000\040\000u\000n\000i\000m\000o\000d\000a\000l\000\040\000b\000e\000h\000a\000v\000i\000o\000u\000r\000a\000l\000\040\000b\000a\000s\000e\000l\000i\000n\000e\000s}{section.5}% 12
\BOOKMARK [2][-]{subsection.5.4}{\376\377\000M\000u\000l\000t\000i\000m\000o\000d\000a\000l\000\040\000f\000u\000s\000i\000o\000n}{section.5}% 13
\BOOKMARK [1][-]{section.6}{\376\377\000D\000i\000a\000g\000n\000o\000s\000t\000i\000c\000s\000:\000\040\000i\000s\000\040\000t\000h\000e\000\040\000E\000E\000G\000\040\000s\000i\000g\000n\000a\000l\000\040\000r\000e\000a\000l\000l\000y\000\040\000a\000b\000o\000u\000t\000\040\000a\000u\000d\000i\000t\000o\000r\000y\000\040\000a\000t\000t\000e\000n\000t\000i\000o\000n\000?}{}% 14
\BOOKMARK [2][-]{subsection.6.1}{\376\377\000C\000h\000a\000n\000n\000e\000l\000-\000w\000i\000s\000e\000\040\000m\000o\000t\000i\000o\000n\000\040\000r\000e\000g\000r\000e\000s\000s\000i\000o\000n\000\040\000\050\000`\000`\000e\000y\000e\000-\000t\000r\000a\000c\000k\000i\000n\000g\000\040\000i\000n\000\040\000d\000i\000s\000g\000u\000i\000s\000e\000?\000'\000'\000\051}{section.6}% 15
\BOOKMARK [2][-]{subsection.6.2}{\376\377\000C\000l\000e\000a\000n\000i\000n\000g\000\040\000a\000b\000l\000a\000t\000i\000o\000n\000\040\000o\000n\000\040\000t\000h\000e\000\040\000s\000p\000e\000c\000t\000r\000a\000l\000\040\000c\000l\000a\000s\000s\000i\000f\000i\000e\000r}{section.6}% 16
\BOOKMARK [2][-]{subsection.6.3}{\376\377\000M\000o\000t\000i\000o\000n\000-\000r\000e\000s\000i\000d\000u\000a\000l\000i\000s\000a\000t\000i\000o\000n\000\040\000a\000t\000\040\000t\000h\000e\000\040\000t\000r\000i\000a\000l\000-\000s\000u\000m\000m\000a\000r\000y\000\040\000l\000e\000v\000e\000l}{section.6}% 17
\BOOKMARK [1][-]{section.7}{\376\377\000D\000a\000t\000a\000s\000e\000t\000\040\000a\000c\000c\000e\000s\000s\000,\000\040\000l\000i\000c\000e\000n\000s\000i\000n\000g\000,\000\040\000a\000n\000d\000\040\000C\000r\000o\000i\000s\000s\000a\000n\000t\000\040\000m\000e\000t\000a\000d\000a\000t\000a}{}% 18
\BOOKMARK [1][-]{section.8}{\376\377\000E\000t\000h\000i\000c\000s\000\040\000a\000n\000d\000\040\000b\000r\000o\000a\000d\000e\000r\000\040\000i\000m\000p\000a\000c\000t}{}% 19
\BOOKMARK [1][-]{section.9}{\376\377\000L\000i\000m\000i\000t\000a\000t\000i\000o\000n\000s}{}% 20
\BOOKMARK [1][-]{section.10}{\376\377\000A\000n\000a\000l\000y\000s\000e\000s\000\040\000s\000t\000i\000l\000l\000\040\000t\000o\000\040\000r\000u\000n}{}% 21
\BOOKMARK [1][-]{section.11}{\376\377\000C\000o\000n\000c\000l\000u\000s\000i\000o\000n}{}% 22
\BOOKMARK [1][-]{appendix.A}{\376\377\000T\000e\000c\000h\000n\000i\000c\000a\000l\000\040\000a\000p\000p\000e\000n\000d\000i\000c\000e\000s\000\040\000a\000n\000d\000\040\000s\000u\000p\000p\000l\000e\000m\000e\000n\000t\000a\000r\000y\000\040\000m\000a\000t\000e\000r\000i\000a\000l}{}% 23
\BOOKMARK [2][-]{subsection.A.1}{\376\377\000C\000r\000o\000s\000s\000-\000m\000o\000d\000a\000l\000\040\000p\000r\000e\000d\000i\000c\000t\000a\000b\000i\000l\000i\000t\000y\000\040\000\050\000e\000x\000t\000e\000n\000d\000e\000d\000\040\000t\000a\000b\000l\000e\000\040\000f\000r\000o\000m\000\040\000S\000e\000c\000.\000\040\0006\000\051}{appendix.A}% 24
\BOOKMARK [2][-]{subsection.A.2}{\376\377\000P\000e\000r\000-\000s\000u\000b\000j\000e\000c\000t\000\040\000f\000u\000l\000l\000\040\000r\000e\000s\000u\000l\000t\000s\000\040\000t\000a\000b\000l\000e}{appendix.A}% 25
