This is pdfTeX, Version 3.141592653-2.6-1.40.26 (TeX Live 2024) (preloaded format=pdflatex 2024.4.10)  21 APR 2026 11:21
entering extended mode
 restricted \write18 enabled.
 %&-line parsing enabled.
**neurips_2026.tex
(./neurips_2026.tex
LaTeX2e <2023-11-01> patch level 1
L3 programming layer <2024-03-14>

(/apps/spack/0.21/cardinal/linux-rhel9-sapphirerapids/texlive/gcc/11.3.1/2024-n
eqlvvq/texmf-dist/tex/latex/base/article.cls
Document Class: article 2023/05/17 v1.4n Standard LaTeX document class

(/apps/spack/0.21/cardinal/linux-rhel9-sapphirerapids/texlive/gcc/11.3.1/2024-n
eqlvvq/texmf-dist/tex/latex/base/size10.clo
File: size10.clo 2023/05/17 v1.4n Standard LaTeX file (size option)
)
\c@part=\count188
\c@section=\count189
\c@subsection=\count190
\c@subsubsection=\count191
\c@paragraph=\count192
\c@subparagraph=\count193
\c@figure=\count194
\c@table=\count195
\abovecaptionskip=\skip48
\belowcaptionskip=\skip49
\bibindent=\dimen140
) (./neurips_2026.sty
Package: neurips_2026 2026-01-29 NeurIPS 2026 submission/camera-ready style fil
e

(/apps/spack/0.21/cardinal/linux-rhel9-sapphirerapids/texlive/gcc/11.3.1/2024-n
eqlvvq/texmf-dist/tex/latex/environ/environ.sty
Package: environ 2014/05/04 v0.3 A new way to define environments

(/apps/spack/0.21/cardinal/linux-rhel9-sapphirerapids/texlive/gcc/11.3.1/2024-n
eqlvvq/texmf-dist/tex/latex/trimspaces/trimspaces.sty
Package: trimspaces 2009/09/17 v1.1 Trim spaces around a token list
)
\@envbody=\toks17
)
(/apps/spack/0.21/cardinal/linux-rhel9-sapphirerapids/texlive/gcc/11.3.1/2024-n
eqlvvq/texmf-dist/tex/latex/natbib/natbib.sty
Package: natbib 2010/09/13 8.31b (PWD, AO)
\bibhang=\skip50
\bibsep=\skip51
LaTeX Info: Redefining \cite on input line 694.
\c@NAT@ctr=\count196
)
(/apps/spack/0.21/cardinal/linux-rhel9-sapphirerapids/texlive/gcc/11.3.1/2024-n
eqlvvq/texmf-dist/tex/latex/geometry/geometry.sty
Package: geometry 2020/01/02 v5.9 Page Geometry

(/apps/spack/0.21/cardinal/linux-rhel9-sapphirerapids/texlive/gcc/11.3.1/2024-n
eqlvvq/texmf-dist/tex/latex/graphics/keyval.sty
Package: keyval 2022/05/29 v1.15 key=value parser (DPC)
\KV@toks@=\toks18
)
(/apps/spack/0.21/cardinal/linux-rhel9-sapphirerapids/texlive/gcc/11.3.1/2024-n
eqlvvq/texmf-dist/tex/generic/iftex/ifvtex.sty
Package: ifvtex 2019/10/25 v1.7 ifvtex legacy package. Use iftex instead.

(/apps/spack/0.21/cardinal/linux-rhel9-sapphirerapids/texlive/gcc/11.3.1/2024-n
eqlvvq/texmf-dist/tex/generic/iftex/iftex.sty
Package: iftex 2022/02/03 v1.0f TeX engine tests
))
\Gm@cnth=\count197
\Gm@cntv=\count198
\c@Gm@tempcnt=\count199
\Gm@bindingoffset=\dimen141
\Gm@wd@mp=\dimen142
\Gm@odd@mp=\dimen143
\Gm@even@mp=\dimen144
\Gm@layoutwidth=\dimen145
\Gm@layoutheight=\dimen146
\Gm@layouthoffset=\dimen147
\Gm@layoutvoffset=\dimen148
\Gm@dimlist=\toks19
)
\@neuripsabovecaptionskip=\skip52
\@neuripsbelowcaptionskip=\skip53

(/apps/spack/0.21/cardinal/linux-rhel9-sapphirerapids/texlive/gcc/11.3.1/2024-n
eqlvvq/texmf-dist/tex/latex/lineno/lineno.sty
Package: lineno 2023/05/20 line numbers on paragraphs v5.3

(/apps/spack/0.21/cardinal/linux-rhel9-sapphirerapids/texlive/gcc/11.3.1/2024-n
eqlvvq/texmf-dist/tex/latex/etoolbox/etoolbox.sty
Package: etoolbox 2020/10/05 v2.5k e-TeX tools for LaTeX (JAW)
\etb@tempcnta=\count266
)
(/apps/spack/0.21/cardinal/linux-rhel9-sapphirerapids/texlive/gcc/11.3.1/2024-n
eqlvvq/texmf-dist/tex/latex/kvoptions/kvoptions.sty
Package: kvoptions 2022-06-15 v3.15 Key value format for package options (HO)

(/apps/spack/0.21/cardinal/linux-rhel9-sapphirerapids/texlive/gcc/11.3.1/2024-n
eqlvvq/texmf-dist/tex/generic/ltxcmds/ltxcmds.sty
Package: ltxcmds 2023-12-04 v1.26 LaTeX kernel commands for general use (HO)
)
(/apps/spack/0.21/cardinal/linux-rhel9-sapphirerapids/texlive/gcc/11.3.1/2024-n
eqlvvq/texmf-dist/tex/latex/kvsetkeys/kvsetkeys.sty
Package: kvsetkeys 2022-10-05 v1.19 Key value parser (HO)
))
\linenopenalty=\count267
\output=\toks20
\linenoprevgraf=\count268
\linenumbersep=\dimen149
\linenumberwidth=\dimen150
\c@linenumber=\count269
\c@pagewiselinenumber=\count270
\c@LN@truepage=\count271
\c@internallinenumber=\count272
\c@internallinenumbers=\count273
\quotelinenumbersep=\dimen151
\bframerule=\dimen152
\bframesep=\dimen153
\bframebox=\box51
LaTeX Info: Redefining \\ on input line 3180.
))
(/apps/spack/0.21/cardinal/linux-rhel9-sapphirerapids/texlive/gcc/11.3.1/2024-n
eqlvvq/texmf-dist/tex/latex/base/inputenc.sty
Package: inputenc 2021/02/14 v1.3d Input encoding file
\inpenc@prehook=\toks21
\inpenc@posthook=\toks22
)
(/apps/spack/0.21/cardinal/linux-rhel9-sapphirerapids/texlive/gcc/11.3.1/2024-n
eqlvvq/texmf-dist/tex/latex/base/fontenc.sty
Package: fontenc 2021/04/29 v2.0v Standard LaTeX package
LaTeX Font Info:    Trying to load font information for T1+ptm on input line 11
2.

(/apps/spack/0.21/cardinal/linux-rhel9-sapphirerapids/texlive/gcc/11.3.1/2024-n
eqlvvq/texmf-dist/tex/latex/psnfss/t1ptm.fd
File: t1ptm.fd 2001/06/04 font definitions for T1/ptm.
))
(/apps/spack/0.21/cardinal/linux-rhel9-sapphirerapids/texlive/gcc/11.3.1/2024-n
eqlvvq/texmf-dist/tex/latex/hyperref/hyperref.sty
Package: hyperref 2024-01-20 v7.01h Hypertext links for LaTeX

(/apps/spack/0.21/cardinal/linux-rhel9-sapphirerapids/texlive/gcc/11.3.1/2024-n
eqlvvq/texmf-dist/tex/generic/kvdefinekeys/kvdefinekeys.sty
Package: kvdefinekeys 2019-12-19 v1.6 Define keys (HO)
)
(/apps/spack/0.21/cardinal/linux-rhel9-sapphirerapids/texlive/gcc/11.3.1/2024-n
eqlvvq/texmf-dist/tex/generic/pdfescape/pdfescape.sty
Package: pdfescape 2019/12/09 v1.15 Implements pdfTeX's escape features (HO)

(/apps/spack/0.21/cardinal/linux-rhel9-sapphirerapids/texlive/gcc/11.3.1/2024-n
eqlvvq/texmf-dist/tex/generic/pdftexcmds/pdftexcmds.sty
Package: pdftexcmds 2020-06-27 v0.33 Utility functions of pdfTeX for LuaTeX (HO
)

(/apps/spack/0.21/cardinal/linux-rhel9-sapphirerapids/texlive/gcc/11.3.1/2024-n
eqlvvq/texmf-dist/tex/generic/infwarerr/infwarerr.sty
Package: infwarerr 2019/12/03 v1.5 Providing info/warning/error messages (HO)
)
Package pdftexcmds Info: \pdf@primitive is available.
Package pdftexcmds Info: \pdf@ifprimitive is available.
Package pdftexcmds Info: \pdfdraftmode found.
))
(/apps/spack/0.21/cardinal/linux-rhel9-sapphirerapids/texlive/gcc/11.3.1/2024-n
eqlvvq/texmf-dist/tex/latex/hycolor/hycolor.sty
Package: hycolor 2020-01-27 v1.10 Color options for hyperref/bookmark (HO)
)
(/apps/spack/0.21/cardinal/linux-rhel9-sapphirerapids/texlive/gcc/11.3.1/2024-n
eqlvvq/texmf-dist/tex/latex/auxhook/auxhook.sty
Package: auxhook 2019-12-17 v1.6 Hooks for auxiliary files (HO)
)
(/apps/spack/0.21/cardinal/linux-rhel9-sapphirerapids/texlive/gcc/11.3.1/2024-n
eqlvvq/texmf-dist/tex/latex/hyperref/nameref.sty
Package: nameref 2023-11-26 v2.56 Cross-referencing by name of section

(/apps/spack/0.21/cardinal/linux-rhel9-sapphirerapids/texlive/gcc/11.3.1/2024-n
eqlvvq/texmf-dist/tex/latex/refcount/refcount.sty
Package: refcount 2019/12/15 v3.6 Data extraction from label references (HO)
)
(/apps/spack/0.21/cardinal/linux-rhel9-sapphirerapids/texlive/gcc/11.3.1/2024-n
eqlvvq/texmf-dist/tex/generic/gettitlestring/gettitlestring.sty
Package: gettitlestring 2019/12/15 v1.6 Cleanup title references (HO)
)
\c@section@level=\count274
)
\@linkdim=\dimen154
\Hy@linkcounter=\count275
\Hy@pagecounter=\count276

(/apps/spack/0.21/cardinal/linux-rhel9-sapphirerapids/texlive/gcc/11.3.1/2024-n
eqlvvq/texmf-dist/tex/latex/hyperref/pd1enc.def
File: pd1enc.def 2024-01-20 v7.01h Hyperref: PDFDocEncoding definition (HO)
Now handling font encoding PD1 ...
... no UTF-8 mapping file for font encoding PD1
)
(/apps/spack/0.21/cardinal/linux-rhel9-sapphirerapids/texlive/gcc/11.3.1/2024-n
eqlvvq/texmf-dist/tex/generic/intcalc/intcalc.sty
Package: intcalc 2019/12/15 v1.3 Expandable calculations with integers (HO)
)
\Hy@SavedSpaceFactor=\count277

(/apps/spack/0.21/cardinal/linux-rhel9-sapphirerapids/texlive/gcc/11.3.1/2024-n
eqlvvq/texmf-dist/tex/latex/hyperref/puenc.def
File: puenc.def 2024-01-20 v7.01h Hyperref: PDF Unicode definition (HO)
Now handling font encoding PU ...
... no UTF-8 mapping file for font encoding PU
)
Package hyperref Info: Hyper figures OFF on input line 4179.
Package hyperref Info: Link nesting OFF on input line 4184.
Package hyperref Info: Hyper index ON on input line 4187.
Package hyperref Info: Plain pages OFF on input line 4194.
Package hyperref Info: Backreferencing OFF on input line 4199.
Package hyperref Info: Implicit mode ON; LaTeX internals redefined.
Package hyperref Info: Bookmarks ON on input line 4446.
\c@Hy@tempcnt=\count278

(/apps/spack/0.21/cardinal/linux-rhel9-sapphirerapids/texlive/gcc/11.3.1/2024-n
eqlvvq/texmf-dist/tex/latex/url/url.sty
\Urlmuskip=\muskip16
Package: url 2013/09/16  ver 3.4  Verb mode for urls, etc.
)
LaTeX Info: Redefining \url on input line 4784.
\XeTeXLinkMargin=\dimen155

(/apps/spack/0.21/cardinal/linux-rhel9-sapphirerapids/texlive/gcc/11.3.1/2024-n
eqlvvq/texmf-dist/tex/generic/bitset/bitset.sty
Package: bitset 2019/12/09 v1.3 Handle bit-vector datatype (HO)

(/apps/spack/0.21/cardinal/linux-rhel9-sapphirerapids/texlive/gcc/11.3.1/2024-n
eqlvvq/texmf-dist/tex/generic/bigintcalc/bigintcalc.sty
Package: bigintcalc 2019/12/15 v1.5 Expandable calculations on big integers (HO
)
))
\Fld@menulength=\count279
\Field@Width=\dimen156
\Fld@charsize=\dimen157
Package hyperref Info: Hyper figures OFF on input line 6063.
Package hyperref Info: Link nesting OFF on input line 6068.
Package hyperref Info: Hyper index ON on input line 6071.
Package hyperref Info: backreferencing OFF on input line 6078.
Package hyperref Info: Link coloring OFF on input line 6083.
Package hyperref Info: Link coloring with OCG OFF on input line 6088.
Package hyperref Info: PDF/A mode OFF on input line 6093.

(/apps/spack/0.21/cardinal/linux-rhel9-sapphirerapids/texlive/gcc/11.3.1/2024-n
eqlvvq/texmf-dist/tex/latex/base/atbegshi-ltx.sty
Package: atbegshi-ltx 2021/01/10 v1.0c Emulation of the original atbegshi
package with kernel methods
)
\Hy@abspage=\count280
\c@Item=\count281
\c@Hfootnote=\count282
)
Package hyperref Info: Driver (autodetected): hpdftex.

(/apps/spack/0.21/cardinal/linux-rhel9-sapphirerapids/texlive/gcc/11.3.1/2024-n
eqlvvq/texmf-dist/tex/latex/hyperref/hpdftex.def
File: hpdftex.def 2024-01-20 v7.01h Hyperref driver for pdfTeX

(/apps/spack/0.21/cardinal/linux-rhel9-sapphirerapids/texlive/gcc/11.3.1/2024-n
eqlvvq/texmf-dist/tex/latex/base/atveryend-ltx.sty
Package: atveryend-ltx 2020/08/19 v1.0a Emulation of the original atveryend pac
kage
with kernel methods
)
\Fld@listcount=\count283
\c@bookmark@seq@number=\count284

(/apps/spack/0.21/cardinal/linux-rhel9-sapphirerapids/texlive/gcc/11.3.1/2024-n
eqlvvq/texmf-dist/tex/latex/rerunfilecheck/rerunfilecheck.sty
Package: rerunfilecheck 2022-07-10 v1.10 Rerun checks for auxiliary files (HO)

(/apps/spack/0.21/cardinal/linux-rhel9-sapphirerapids/texlive/gcc/11.3.1/2024-n
eqlvvq/texmf-dist/tex/generic/uniquecounter/uniquecounter.sty
Package: uniquecounter 2019/12/15 v1.4 Provide unlimited unique counter (HO)
)
Package uniquecounter Info: New unique counter `rerunfilecheck' on input line 2
85.
)
\Hy@SectionHShift=\skip54
)
(/apps/spack/0.21/cardinal/linux-rhel9-sapphirerapids/texlive/gcc/11.3.1/2024-n
eqlvvq/texmf-dist/tex/latex/booktabs/booktabs.sty
Package: booktabs 2020/01/12 v1.61803398 Publication quality tables
\heavyrulewidth=\dimen158
\lightrulewidth=\dimen159
\cmidrulewidth=\dimen160
\belowrulesep=\dimen161
\belowbottomsep=\dimen162
\aboverulesep=\dimen163
\abovetopsep=\dimen164
\cmidrulesep=\dimen165
\cmidrulekern=\dimen166
\defaultaddspace=\dimen167
\@cmidla=\count285
\@cmidlb=\count286
\@aboverulesep=\dimen168
\@belowrulesep=\dimen169
\@thisruleclass=\count287
\@lastruleclass=\count288
\@thisrulewidth=\dimen170
)
(/apps/spack/0.21/cardinal/linux-rhel9-sapphirerapids/texlive/gcc/11.3.1/2024-n
eqlvvq/texmf-dist/tex/latex/amsfonts/amsfonts.sty
Package: amsfonts 2013/01/14 v3.01 Basic AMSFonts support
\@emptytoks=\toks23
\symAMSa=\mathgroup4
\symAMSb=\mathgroup5
LaTeX Font Info:    Redeclaring math symbol \hbar on input line 98.
LaTeX Font Info:    Overwriting math alphabet `\mathfrak' in version `bold'
(Font)                  U/euf/m/n --> U/euf/b/n on input line 106.
)
(/apps/spack/0.21/cardinal/linux-rhel9-sapphirerapids/texlive/gcc/11.3.1/2024-n
eqlvvq/texmf-dist/tex/latex/amsmath/amsmath.sty
Package: amsmath 2023/05/13 v2.17o AMS math features
\@mathmargin=\skip55

For additional information on amsmath, use the `?' option.

(/apps/spack/0.21/cardinal/linux-rhel9-sapphirerapids/texlive/gcc/11.3.1/2024-n
eqlvvq/texmf-dist/tex/latex/amsmath/amstext.sty
Package: amstext 2021/08/26 v2.01 AMS text

(/apps/spack/0.21/cardinal/linux-rhel9-sapphirerapids/texlive/gcc/11.3.1/2024-n
eqlvvq/texmf-dist/tex/latex/amsmath/amsgen.sty
File: amsgen.sty 1999/11/30 v2.0 generic functions
\@emptytoks=\toks24
\ex@=\dimen171
))
(/apps/spack/0.21/cardinal/linux-rhel9-sapphirerapids/texlive/gcc/11.3.1/2024-n
eqlvvq/texmf-dist/tex/latex/amsmath/amsbsy.sty
Package: amsbsy 1999/11/29 v1.2d Bold Symbols
\pmbraise@=\dimen172
)
(/apps/spack/0.21/cardinal/linux-rhel9-sapphirerapids/texlive/gcc/11.3.1/2024-n
eqlvvq/texmf-dist/tex/latex/amsmath/amsopn.sty
Package: amsopn 2022/04/08 v2.04 operator names
)
\inf@bad=\count289
LaTeX Info: Redefining \frac on input line 234.
\uproot@=\count290
\leftroot@=\count291
LaTeX Info: Redefining \overline on input line 399.
LaTeX Info: Redefining \colon on input line 410.
\classnum@=\count292
\DOTSCASE@=\count293
LaTeX Info: Redefining \ldots on input line 496.
LaTeX Info: Redefining \dots on input line 499.
LaTeX Info: Redefining \cdots on input line 620.
\Mathstrutbox@=\box52
\strutbox@=\box53
LaTeX Info: Redefining \big on input line 722.
LaTeX Info: Redefining \Big on input line 723.
LaTeX Info: Redefining \bigg on input line 724.
LaTeX Info: Redefining \Bigg on input line 725.
\big@size=\dimen173
LaTeX Font Info:    Redeclaring font encoding OML on input line 743.
LaTeX Font Info:    Redeclaring font encoding OMS on input line 744.
\macc@depth=\count294
LaTeX Info: Redefining \bmod on input line 905.
LaTeX Info: Redefining \pmod on input line 910.
LaTeX Info: Redefining \smash on input line 940.
LaTeX Info: Redefining \relbar on input line 970.
LaTeX Info: Redefining \Relbar on input line 971.
\c@MaxMatrixCols=\count295
\dotsspace@=\muskip17
\c@parentequation=\count296
\dspbrk@lvl=\count297
\tag@help=\toks25
\row@=\count298
\column@=\count299
\maxfields@=\count300
\andhelp@=\toks26
\eqnshift@=\dimen174
\alignsep@=\dimen175
\tagshift@=\dimen176
\tagwidth@=\dimen177
\totwidth@=\dimen178
\lineht@=\dimen179
\@envbody=\toks27
\multlinegap=\skip56
\multlinetaggap=\skip57
\mathdisplay@stack=\toks28
LaTeX Info: Redefining \[ on input line 2953.
LaTeX Info: Redefining \] on input line 2954.
)
\linenoamsmath@ams@eqpen=\count301

(/apps/spack/0.21/cardinal/linux-rhel9-sapphirerapids/texlive/gcc/11.3.1/2024-n
eqlvvq/texmf-dist/tex/latex/units/nicefrac.sty
Package: nicefrac 1998/08/04 v0.9b Nice fractions
\L@UnitsRaiseDisplaystyle=\skip58
\L@UnitsRaiseTextstyle=\skip59
\L@UnitsRaiseScriptstyle=\skip60

(/apps/spack/0.21/cardinal/linux-rhel9-sapphirerapids/texlive/gcc/11.3.1/2024-n
eqlvvq/texmf-dist/tex/latex/base/ifthen.sty
Package: ifthen 2022/04/13 v1.1d Standard LaTeX ifthen package (DPC)
))
(/apps/spack/0.21/cardinal/linux-rhel9-sapphirerapids/texlive/gcc/11.3.1/2024-n
eqlvvq/texmf-dist/tex/latex/microtype/microtype.sty
Package: microtype 2024/03/29 v3.1b Micro-typographical refinements (RS)
\MT@toks=\toks29
\MT@tempbox=\box54
\MT@count=\count302
LaTeX Info: Redefining \noprotrusionifhmode on input line 1061.
LaTeX Info: Redefining \leftprotrusion on input line 1062.
\MT@prot@toks=\toks30
LaTeX Info: Redefining \rightprotrusion on input line 1081.
LaTeX Info: Redefining \textls on input line 1392.
\MT@outer@kern=\dimen180
LaTeX Info: Redefining \textmicrotypecontext on input line 2013.
\MT@listname@count=\count303

(/apps/spack/0.21/cardinal/linux-rhel9-sapphirerapids/texlive/gcc/11.3.1/2024-n
eqlvvq/texmf-dist/tex/latex/microtype/microtype-pdftex.def
File: microtype-pdftex.def 2024/03/29 v3.1b Definitions specific to pdftex (RS)

LaTeX Info: Redefining \lsstyle on input line 902.
LaTeX Info: Redefining \lslig on input line 902.
\MT@outer@space=\skip61
)
Package microtype Info: Loading configuration file microtype.cfg.

(/apps/spack/0.21/cardinal/linux-rhel9-sapphirerapids/texlive/gcc/11.3.1/2024-n
eqlvvq/texmf-dist/tex/latex/microtype/microtype.cfg
File: microtype.cfg 2024/03/29 v3.1b microtype main configuration file (RS)
))
(/apps/spack/0.21/cardinal/linux-rhel9-sapphirerapids/texlive/gcc/11.3.1/2024-n
eqlvvq/texmf-dist/tex/latex/xcolor/xcolor.sty
Package: xcolor 2023/11/15 v3.01 LaTeX color extensions (UK)

(/apps/spack/0.21/cardinal/linux-rhel9-sapphirerapids/texlive/gcc/11.3.1/2024-n
eqlvvq/texmf-dist/tex/latex/graphics-cfg/color.cfg
File: color.cfg 2016/01/02 v1.6 sample color configuration
)
Package xcolor Info: Driver file: pdftex.def on input line 274.

(/apps/spack/0.21/cardinal/linux-rhel9-sapphirerapids/texlive/gcc/11.3.1/2024-n
eqlvvq/texmf-dist/tex/latex/graphics-def/pdftex.def
File: pdftex.def 2022/09/22 v1.2b Graphics/color driver for pdftex
)
(/apps/spack/0.21/cardinal/linux-rhel9-sapphirerapids/texlive/gcc/11.3.1/2024-n
eqlvvq/texmf-dist/tex/latex/graphics/mathcolor.ltx)
Package xcolor Info: Model `cmy' substituted by `cmy0' on input line 1350.
Package xcolor Info: Model `hsb' substituted by `rgb' on input line 1354.
Package xcolor Info: Model `RGB' extended on input line 1366.
Package xcolor Info: Model `HTML' substituted by `rgb' on input line 1368.
Package xcolor Info: Model `Hsb' substituted by `hsb' on input line 1369.
Package xcolor Info: Model `tHsb' substituted by `hsb' on input line 1370.
Package xcolor Info: Model `HSB' substituted by `hsb' on input line 1371.
Package xcolor Info: Model `Gray' substituted by `gray' on input line 1372.
Package xcolor Info: Model `wave' substituted by `hsb' on input line 1373.
)
(/apps/spack/0.21/cardinal/linux-rhel9-sapphirerapids/texlive/gcc/11.3.1/2024-n
eqlvvq/texmf-dist/tex/latex/graphics/graphicx.sty
Package: graphicx 2021/09/16 v1.2d Enhanced LaTeX Graphics (DPC,SPQR)

(/apps/spack/0.21/cardinal/linux-rhel9-sapphirerapids/texlive/gcc/11.3.1/2024-n
eqlvvq/texmf-dist/tex/latex/graphics/graphics.sty
Package: graphics 2022/03/10 v1.4e Standard LaTeX Graphics (DPC,SPQR)

(/apps/spack/0.21/cardinal/linux-rhel9-sapphirerapids/texlive/gcc/11.3.1/2024-n
eqlvvq/texmf-dist/tex/latex/graphics/trig.sty
Package: trig 2021/08/11 v1.11 sin cos tan (DPC)
)
(/apps/spack/0.21/cardinal/linux-rhel9-sapphirerapids/texlive/gcc/11.3.1/2024-n
eqlvvq/texmf-dist/tex/latex/graphics-cfg/graphics.cfg
File: graphics.cfg 2016/06/04 v1.11 sample graphics configuration
)
Package graphics Info: Driver file: pdftex.def on input line 107.
)
\Gin@req@height=\dimen181
\Gin@req@width=\dimen182
)
(/apps/spack/0.21/cardinal/linux-rhel9-sapphirerapids/texlive/gcc/11.3.1/2024-n
eqlvvq/texmf-dist/tex/latex/siunitx/siunitx.sty
Package: siunitx 2024-02-15 v3.3.12 A comprehensive (SI) units package
\l__siunitx_number_uncert_offset_int=\count304
\l__siunitx_number_exponent_fixed_int=\count305
\l__siunitx_number_min_decimal_int=\count306
\l__siunitx_number_min_integer_int=\count307
\l__siunitx_number_round_precision_int=\count308
\l__siunitx_number_lower_threshold_int=\count309
\l__siunitx_number_upper_threshold_int=\count310
\l__siunitx_number_group_first_int=\count311
\l__siunitx_number_group_size_int=\count312
\l__siunitx_number_group_minimum_int=\count313
\l__siunitx_angle_tmp_dim=\dimen183
\l__siunitx_angle_marker_box=\box55
\l__siunitx_angle_unit_box=\box56
\l__siunitx_compound_count_int=\count314

(/apps/spack/0.21/cardinal/linux-rhel9-sapphirerapids/texlive/gcc/11.3.1/2024-n
eqlvvq/texmf-dist/tex/latex/translations/translations.sty
Package: translations 2022/02/05 v1.12 internationalization of LaTeX2e packages
 (CN)
)
\l__siunitx_table_tmp_box=\box57
\l__siunitx_table_tmp_dim=\dimen184
\l__siunitx_table_column_width_dim=\dimen185
\l__siunitx_table_integer_box=\box58
\l__siunitx_table_decimal_box=\box59
\l__siunitx_table_uncert_box=\box60
\l__siunitx_table_before_box=\box61
\l__siunitx_table_after_box=\box62
\l__siunitx_table_before_dim=\dimen186
\l__siunitx_table_carry_dim=\dimen187
\l__siunitx_unit_tmp_int=\count315
\l__siunitx_unit_position_int=\count316
\l__siunitx_unit_total_int=\count317

(/apps/spack/0.21/cardinal/linux-rhel9-sapphirerapids/texlive/gcc/11.3.1/2024-n
eqlvvq/texmf-dist/tex/latex/tools/array.sty
Package: array 2023/10/16 v2.5g Tabular extension package (FMi)
\col@sep=\dimen188
\ar@mcellbox=\box63
\extrarowheight=\dimen189
\NC@list=\toks31
\extratabsurround=\skip62
\backup@length=\skip63
\ar@cellbox=\box64
))
(/apps/spack/0.21/cardinal/linux-rhel9-sapphirerapids/texlive/gcc/11.3.1/2024-n
eqlvvq/texmf-dist/tex/latex/multirow/multirow.sty
Package: multirow 2021/03/15 v2.8 Span multiple rows of a table
\multirow@colwidth=\skip64
\multirow@cntb=\count318
\multirow@dima=\skip65
\bigstrutjot=\dimen190
)
Package translations Info: No language package found. I am going to use `englis
h' as default language. on input line 40.

(/apps/spack/0.21/cardinal/linux-rhel9-sapphirerapids/texlive/gcc/11.3.1/2024-n
eqlvvq/texmf-dist/tex/latex/l3backend/l3backend-pdftex.def
File: l3backend-pdftex.def 2024-03-14 L3 backend support: PDF output (pdfTeX)
\l__color_backend_stack_int=\count319
\l__pdf_internal_box=\box65
) (./neurips_2026.aux)
\openout1 = `neurips_2026.aux'.

LaTeX Font Info:    Checking defaults for OML/cmm/m/it on input line 40.
LaTeX Font Info:    ... okay on input line 40.
LaTeX Font Info:    Checking defaults for OMS/cmsy/m/n on input line 40.
LaTeX Font Info:    ... okay on input line 40.
LaTeX Font Info:    Checking defaults for OT1/cmr/m/n on input line 40.
LaTeX Font Info:    ... okay on input line 40.
LaTeX Font Info:    Checking defaults for T1/cmr/m/n on input line 40.
LaTeX Font Info:    ... okay on input line 40.
LaTeX Font Info:    Checking defaults for TS1/cmr/m/n on input line 40.
LaTeX Font Info:    ... okay on input line 40.
LaTeX Font Info:    Checking defaults for OMX/cmex/m/n on input line 40.
LaTeX Font Info:    ... okay on input line 40.
LaTeX Font Info:    Checking defaults for U/cmr/m/n on input line 40.
LaTeX Font Info:    ... okay on input line 40.
LaTeX Font Info:    Checking defaults for PD1/pdf/m/n on input line 40.
LaTeX Font Info:    ... okay on input line 40.
LaTeX Font Info:    Checking defaults for PU/pdf/m/n on input line 40.
LaTeX Font Info:    ... okay on input line 40.

*geometry* driver: auto-detecting
*geometry* detected driver: pdftex
*geometry* verbose mode - [ preamble ] result:
* driver: pdftex
* paper: letterpaper
* layout: <same size as paper>
* layoutoffset:(h,v)=(0.0pt,0.0pt)
* modes: 
* h-part:(L,W,R)=(92.14519pt, 430.00462pt, 92.14519pt)
* v-part:(T,H,B)=(95.39737pt, 556.47656pt, 143.09605pt)
* \paperwidth=614.295pt
* \paperheight=794.96999pt
* \textwidth=430.00462pt
* \textheight=556.47656pt
* \oddsidemargin=19.8752pt
* \evensidemargin=19.8752pt
* \topmargin=-13.87262pt
* \headheight=12.0pt
* \headsep=25.0pt
* \topskip=10.0pt
* \footskip=30.0pt
* \marginparwidth=65.0pt
* \marginparsep=11.0pt
* \columnsep=10.0pt
* \skip\footins=9.0pt plus 4.0pt minus 2.0pt
* \hoffset=0.0pt
* \voffset=0.0pt
* \mag=1000
* \@twocolumnfalse
* \@twosidefalse
* \@mparswitchfalse
* \@reversemarginfalse
* (1in=72.27pt=25.4mm, 1cm=28.453pt)

*geometry* verbose mode - [ newgeometry ] result:
* driver: pdftex
* paper: letterpaper
* layout: <same size as paper>
* layoutoffset:(h,v)=(0.0pt,0.0pt)
* modes: 
* h-part:(L,W,R)=(108.405pt, 397.48499pt, 108.40501pt)
* v-part:(T,H,B)=(72.26999pt, 650.43pt, 72.27pt)
* \paperwidth=614.295pt
* \paperheight=794.96999pt
* \textwidth=397.48499pt
* \textheight=650.43pt
* \oddsidemargin=36.13501pt
* \evensidemargin=36.13501pt
* \topmargin=-37.0pt
* \headheight=12.0pt
* \headsep=25.0pt
* \topskip=10.0pt
* \footskip=30.0pt
* \marginparwidth=65.0pt
* \marginparsep=11.0pt
* \columnsep=10.0pt
* \skip\footins=9.0pt plus 4.0pt minus 2.0pt
* \hoffset=0.0pt
* \voffset=0.0pt
* \mag=1000
* \@twocolumnfalse
* \@twosidefalse
* \@mparswitchfalse
* \@reversemarginfalse
* (1in=72.27pt=25.4mm, 1cm=28.453pt)

Package hyperref Info: Link coloring OFF on input line 40.
(./neurips_2026.out) (./neurips_2026.out)
\@outlinefile=\write3
\openout3 = `neurips_2026.out'.

LaTeX Info: Redefining \microtypecontext on input line 40.
Package microtype Info: Applying patch `item' on input line 40.
Package microtype Info: Applying patch `toc' on input line 40.
Package microtype Info: Applying patch `eqnum' on input line 40.
Package microtype Info: Applying patch `footnote' on input line 40.
Package microtype Info: Applying patch `verbatim' on input line 40.
Package microtype Info: Generating PDF output.
Package microtype Info: Character protrusion enabled (level 2).
Package microtype Info: Using default protrusion set `alltext'.
Package microtype Info: Automatic font expansion enabled (level 2),
(microtype)             stretch: 20, shrink: 20, step: 1, non-selected.
Package microtype Info: Using default expansion set `alltext-nott'.
LaTeX Info: Redefining \showhyphens on input line 40.
Package microtype Info: No adjustment of tracking.
Package microtype Info: No adjustment of interword spacing.
Package microtype Info: No adjustment of character kerning.

(/apps/spack/0.21/cardinal/linux-rhel9-sapphirerapids/texlive/gcc/11.3.1/2024-n
eqlvvq/texmf-dist/tex/latex/microtype/mt-ptm.cfg
File: mt-ptm.cfg 2006/04/20 v1.7 microtype config. file: Times (RS)
)
(/apps/spack/0.21/cardinal/linux-rhel9-sapphirerapids/texlive/gcc/11.3.1/2024-n
eqlvvq/texmf-dist/tex/context/base/mkii/supp-pdf.mkii
[Loading MPS to PDF converter (version 2006.09.02).]
\scratchcounter=\count320
\scratchdimen=\dimen191
\scratchbox=\box66
\nofMPsegments=\count321
\nofMParguments=\count322
\everyMPshowfont=\toks32
\MPscratchCnt=\count323
\MPscratchDim=\dimen192
\MPnumerator=\count324
\makeMPintoPDFobject=\count325
\everyMPtoPDFconversion=\toks33
)
(/apps/spack/0.21/cardinal/linux-rhel9-sapphirerapids/texlive/gcc/11.3.1/2024-n
eqlvvq/texmf-dist/tex/latex/epstopdf-pkg/epstopdf-base.sty
Package: epstopdf-base 2020-01-24 v2.11 Base part for package epstopdf
Package epstopdf-base Info: Redefining graphics rule for `.eps' on input line 4
85.

(/apps/spack/0.21/cardinal/linux-rhel9-sapphirerapids/texlive/gcc/11.3.1/2024-n
eqlvvq/texmf-dist/tex/latex/latexconfig/epstopdf-sys.cfg
File: epstopdf-sys.cfg 2010/07/13 v1.3 Configuration of (r)epstopdf for TeX Liv
e
))
(/apps/spack/0.21/cardinal/linux-rhel9-sapphirerapids/texlive/gcc/11.3.1/2024-n
eqlvvq/texmf-dist/tex/latex/translations/translations-basic-dictionary-english.
trsl
File: translations-basic-dictionary-english.trsl (english translation file `tra
nslations-basic-dictionary')
)
Package translations Info: loading dictionary `translations-basic-dictionary' f
or `english'. on input line 40.

(/apps/spack/0.21/cardinal/linux-rhel9-sapphirerapids/texlive/gcc/11.3.1/2024-n
eqlvvq/texmf-dist/tex/latex/microtype/mt-cmr.cfg
File: mt-cmr.cfg 2013/05/19 v2.2 microtype config. file: Computer Modern Roman 
(RS)
)
LaTeX Font Info:    Trying to load font information for U+msa on input line 43.


(/apps/spack/0.21/cardinal/linux-rhel9-sapphirerapids/texlive/gcc/11.3.1/2024-n
eqlvvq/texmf-dist/tex/latex/amsfonts/umsa.fd
File: umsa.fd 2013/01/14 v3.01 AMS symbols A
)
(/apps/spack/0.21/cardinal/linux-rhel9-sapphirerapids/texlive/gcc/11.3.1/2024-n
eqlvvq/texmf-dist/tex/latex/microtype/mt-msa.cfg
File: mt-msa.cfg 2006/02/04 v1.1 microtype config. file: AMS symbols (a) (RS)
)
LaTeX Font Info:    Trying to load font information for U+msb on input line 43.


(/apps/spack/0.21/cardinal/linux-rhel9-sapphirerapids/texlive/gcc/11.3.1/2024-n
eqlvvq/texmf-dist/tex/latex/amsfonts/umsb.fd
File: umsb.fd 2013/01/14 v3.01 AMS symbols B
)
(/apps/spack/0.21/cardinal/linux-rhel9-sapphirerapids/texlive/gcc/11.3.1/2024-n
eqlvvq/texmf-dist/tex/latex/microtype/mt-msb.cfg
File: mt-msb.cfg 2005/06/01 v1.0 microtype config. file: AMS symbols (b) (RS)
)
LaTeX Font Info:    Trying to load font information for T1+cmtt on input line 4
3.

(/apps/spack/0.21/cardinal/linux-rhel9-sapphirerapids/texlive/gcc/11.3.1/2024-n
eqlvvq/texmf-dist/tex/latex/base/t1cmtt.fd
File: t1cmtt.fd 2023/04/13 v2.5m Standard LaTeX font definitions
)
Package microtype Info: Loading generic protrusion settings for font family
(microtype)             `cmtt' (encoding: T1).
(microtype)             For optimal results, create family-specific settings.
(microtype)             See the microtype manual for details.
LaTeX Font Info:    Trying to load font information for T1+phv on input line 46
.

(/apps/spack/0.21/cardinal/linux-rhel9-sapphirerapids/texlive/gcc/11.3.1/2024-n
eqlvvq/texmf-dist/tex/latex/psnfss/t1phv.fd
File: t1phv.fd 2020/03/25 scalable font definitions for T1/phv.
)
Package microtype Info: Loading generic protrusion settings for font family
(microtype)             `phv' (encoding: T1).
(microtype)             For optimal results, create family-specific settings.
(microtype)             See the microtype manual for details.


Package natbib Warning: Citation `das2019aad' on page 1 undefined on input line
 52.


Package natbib Warning: Citation `fuglsang2018ebb' on page 1 undefined on input
 line 52.


Package natbib Warning: Citation `fuglsang2020' on page 1 undefined on input li
ne 52.


Package natbib Warning: Citation `golumbic2013' on page 1 undefined on input li
ne 52.


Package natbib Warning: Citation `hendrikse2019' on page 1 undefined on input l
ine 52.

[1


{/apps/spack/0.21/cardinal/linux-rhel9-sapphirerapids/texlive/gcc/11.3.1/2024-n
eqlvvq/texmf-var/fonts/map/pdftex/updmap/pdftex.map}{/apps/spack/0.21/cardinal/
linux-rhel9-sapphirerapids/texlive/gcc/11.3.1/2024-neqlvvq/texmf-dist/fonts/enc
/dvips/base/8r.enc}{/apps/spack/0.21/cardinal/linux-rhel9-sapphirerapids/texliv
e/gcc/11.3.1/2024-neqlvvq/texmf-dist/fonts/enc/dvips/cm-super/cm-super-t1.enc}]


Package natbib Warning: Citation `fuglsang2020' on page 2 undefined on input li
ne 73.


Package natbib Warning: Citation `biesmans2017' on page 2 undefined on input li
ne 73.


Package natbib Warning: Citation `das2019aad' on page 2 undefined on input line
 84.


Package natbib Warning: Citation `fuglsang2018ebb' on page 2 undefined on input
 line 85.


Package natbib Warning: Citation `biesmans2017' on page 2 undefined on input li
ne 86.

<../../analysis/figures/F1_dataset_overview.pdf, id=124, 597.3379pt x 298.85902
pt>
File: ../../analysis/figures/F1_dataset_overview.pdf Graphic file (type pdf)
<use ../../analysis/figures/F1_dataset_overview.pdf>
Package pdftex.def Info: ../../analysis/figures/F1_dataset_overview.pdf  used o
n input line 100.
(pdftex.def)             Requested size: 337.86465pt x 169.04263pt.
[2]
LaTeX Font Info:    Trying to load font information for TS1+ptm on input line 1
17.

(/apps/spack/0.21/cardinal/linux-rhel9-sapphirerapids/texlive/gcc/11.3.1/2024-n
eqlvvq/texmf-dist/tex/latex/psnfss/ts1ptm.fd
File: ts1ptm.fd 2001/06/04 font definitions for TS1/ptm.
)
Underfull \hbox (badness 1845) in paragraph at lines 119--120
[]\T1/ptm/m/n/10 (+20) Audio: three stereo de-vices with fixed spa-tial-i-sa-ti
on; per-trial stim-u-lus files in
 []


Underfull \hbox (badness 2951) in paragraph at lines 125--126
\T1/ptm/m/n/10 (+20) Per-subject, two di-rec-tory trees hold par-al-lel copies 
of the same tri-als par-ti-tioned by
 []


Underfull \hbox (badness 4217) in paragraph at lines 125--126
\T1/ptm/m/n/10 (+20) modal-ity: \T1/cmtt/m/n/10 experiment_data/Subject N/ \T1/
ptm/m/n/10 (+20) (EEG and au-dio play-back times-tamps) and
 []


Underfull \vbox (badness 3601) has occurred while \output is active []

 [3 <../../analysis/figures/F1_dataset_overview.pdf>]
<../../analysis/figures/F3_eeg_quality.pdf, id=160, 528.56223pt x 215.38719pt>
File: ../../analysis/figures/F3_eeg_quality.pdf Graphic file (type pdf)
<use ../../analysis/figures/F3_eeg_quality.pdf>
Package pdftex.def Info: ../../analysis/figures/F3_eeg_quality.pdf  used on inp
ut line 138.
(pdftex.def)             Requested size: 337.86465pt x 137.68628pt.
<../../analysis/figures/F2_psychometric.pdf, id=163, 291.84343pt x 215.38719pt>

File: ../../analysis/figures/F2_psychometric.pdf Graphic file (type pdf)
<use ../../analysis/figures/F2_psychometric.pdf>
Package pdftex.def Info: ../../analysis/figures/F2_psychometric.pdf  used on in
put line 151.
(pdftex.def)             Requested size: 337.86465pt x 249.37604pt.

Underfull \hbox (badness 4569) in paragraph at lines 156--157
\T1/ptm/m/n/10 (+20) locked a gaze vec-tor) ex-ceeds $\OT1/cmr/m/n/10 90$$%$ \T
1/ptm/m/n/10 (+20) for 14/16 sub-jects and is re-ported per-trial in
 []

[4 <../../analysis/figures/F3_eeg_quality.pdf>]
<../../analysis/figures/F5_aad_benchmark.pdf, id=183, 324.96094pt x 227.77145pt
>
File: ../../analysis/figures/F5_aad_benchmark.pdf Graphic file (type pdf)
<use ../../analysis/figures/F5_aad_benchmark.pdf>
Package pdftex.def Info: ../../analysis/figures/F5_aad_benchmark.pdf  used on i
nput line 197.
(pdftex.def)             Requested size: 337.86465pt x 236.83151pt.

Underfull \vbox (badness 2856) has occurred while \output is active []

 [5 <../../analysis/figures/F2_psychometric.pdf>] [6 <../../analysis/figures/F5
_aad_benchmark.pdf>]
<../../analysis/figures/F6_fusion.pdf, id=220, 370.17674pt x 202.62074pt>
File: ../../analysis/figures/F6_fusion.pdf Graphic file (type pdf)
<use ../../analysis/figures/F6_fusion.pdf>
Package pdftex.def Info: ../../analysis/figures/F6_fusion.pdf  used on input li
ne 257.
(pdftex.def)             Requested size: 317.9892pt x 174.06181pt.
 [7 <../../analysis/figures/F6_fusion.pdf>]

Package natbib Warning: Citation `croissant2024' on page 8 undefined on input l
ine 309.

[8]
Underfull \vbox (badness 1838) has occurred while \output is active []

 [9]
[10] [11] (./checklist.tex [12] [13])

Package natbib Warning: There were undefined citations.

[14] (./neurips_2026.aux)
 ***********
LaTeX2e <2023-11-01> patch level 1
L3 programming layer <2024-03-14>
 ***********
Package rerunfilecheck Info: File `neurips_2026.out' has not changed.
(rerunfilecheck)             Checksum: 695C433A2BC8A8FC4803A788840A82E3;5442.
 ) 
Here is how much of TeX's memory you used:
 17700 strings out of 474104
 347029 string characters out of 5712790
 1946493 words of memory out of 5000000
 39466 multiletter control sequences out of 15000+600000
 615181 words of font info for 268 fonts, out of 8000000 for 9000
 1141 hyphenation exceptions out of 8191
 72i,10n,79p,1764b,1135s stack positions out of 10000i,1000n,20000p,200000b,200000s
</apps/spack/0.21/cardinal/linux-rhel9-sapphirerapids/texlive/gcc/11.3.1/2024
-neqlvvq/texmf-dist/fonts/type1/public/amsfonts/cm/cmbx10.pfb></apps/spack/0.21
/cardinal/linux-rhel9-sapphirerapids/texlive/gcc/11.3.1/2024-neqlvvq/texmf-dist
/fonts/type1/public/amsfonts/cm/cmmi10.pfb></apps/spack/0.21/cardinal/linux-rhe
l9-sapphirerapids/texlive/gcc/11.3.1/2024-neqlvvq/texmf-dist/fonts/type1/public
/amsfonts/cm/cmmi9.pfb></apps/spack/0.21/cardinal/linux-rhel9-sapphirerapids/te
xlive/gcc/11.3.1/2024-neqlvvq/texmf-dist/fonts/type1/public/amsfonts/cm/cmr10.p
fb></apps/spack/0.21/cardinal/linux-rhel9-sapphirerapids/texlive/gcc/11.3.1/202
4-neqlvvq/texmf-dist/fonts/type1/public/amsfonts/cm/cmr7.pfb></apps/spack/0.21/
cardinal/linux-rhel9-sapphirerapids/texlive/gcc/11.3.1/2024-neqlvvq/texmf-dist/
fonts/type1/public/amsfonts/cm/cmr9.pfb></apps/spack/0.21/cardinal/linux-rhel9-
sapphirerapids/texlive/gcc/11.3.1/2024-neqlvvq/texmf-dist/fonts/type1/public/am
sfonts/cm/cmsy10.pfb></apps/spack/0.21/cardinal/linux-rhel9-sapphirerapids/texl
ive/gcc/11.3.1/2024-neqlvvq/texmf-dist/fonts/type1/public/amsfonts/cm/cmsy7.pfb
></apps/spack/0.21/cardinal/linux-rhel9-sapphirerapids/texlive/gcc/11.3.1/2024-
neqlvvq/texmf-dist/fonts/type1/public/amsfonts/cm/cmsy9.pfb></apps/spack/0.21/c
ardinal/linux-rhel9-sapphirerapids/texlive/gcc/11.3.1/2024-neqlvvq/texmf-dist/f
onts/type1/public/amsfonts/symbols/msam10.pfb></apps/spack/0.21/cardinal/linux-
rhel9-sapphirerapids/texlive/gcc/11.3.1/2024-neqlvvq/texmf-dist/fonts/type1/pub
lic/cm-super/sftt0900.pfb></apps/spack/0.21/cardinal/linux-rhel9-sapphirerapids
/texlive/gcc/11.3.1/2024-neqlvvq/texmf-dist/fonts/type1/public/cm-super/sftt100
0.pfb></apps/spack/0.21/cardinal/linux-rhel9-sapphirerapids/texlive/gcc/11.3.1/
2024-neqlvvq/texmf-dist/fonts/type1/urw/helvetic/uhvr8a.pfb></apps/spack/0.21/c
ardinal/linux-rhel9-sapphirerapids/texlive/gcc/11.3.1/2024-neqlvvq/texmf-dist/f
onts/type1/urw/times/utmb8a.pfb></apps/spack/0.21/cardinal/linux-rhel9-sapphire
rapids/texlive/gcc/11.3.1/2024-neqlvvq/texmf-dist/fonts/type1/urw/times/utmr8a.
pfb></apps/spack/0.21/cardinal/linux-rhel9-sapphirerapids/texlive/gcc/11.3.1/20
24-neqlvvq/texmf-dist/fonts/type1/urw/times/utmri8a.pfb>
Output written on neurips_2026.pdf (14 pages, 336839 bytes).
PDF statistics:
 407 PDF objects out of 1000 (max. 8388607)
 328 compressed objects within 4 object streams
 89 named destinations out of 1000 (max. 500000)
 61666 words of extra memory for PDF output out of 61914 (max. 10000000)

